
 Start Length Name Class
 0001:00401000 0000DFE34H _TEXT                  CODE
 0002:004E1000 00003C928H _DATA                  DATA
 0003:0051D928 00001C1D4H _BSS                   BSS
 0004:00000000 00000009CH _TLS                   TLS


Detailed map of segments
 0001:00000018 0000014F C=CODE    S=_TEXT    G=(none)   M=C:\PROGRAM FILES\BORLAND\CBUILDER6\LIB\C0X32.OBJ ACBP=A9
 0001:00000168 000000DF C=CODE    S=_TEXT    G=(none)   M=E:\EXTRA\PWMANGBAND\OBJ\BUILDID.OBJ ACBP=A9
 0001:00000248 00000643 C=CODE    S=_TEXT    G=(none)   M=E:\EXTRA\PWMANGBAND\OBJ\DATAFILE.OBJ ACBP=A9
 0001:0000088C 00001C05 C=CODE    S=_TEXT    G=(none)   M=E:\EXTRA\PWMANGBAND\OBJ\DISPLAY.OBJ ACBP=A9
 0001:00002494 00000011 C=CODE    S=_TEXT    G=(none)   M=E:\EXTRA\PWMANGBAND\OBJ\GUID.OBJ ACBP=A9
 0001:000024A8 00001042 C=CODE    S=_TEXT    G=(none)   M=E:\EXTRA\PWMANGBAND\OBJ\MD5.OBJ ACBP=A9
 0001:000034EC 00000CFF C=CODE    S=_TEXT    G=(none)   M=E:\EXTRA\PWMANGBAND\OBJ\NET-WIN.OBJ ACBP=A9
 0001:000041EC 00000413 C=CODE    S=_TEXT    G=(none)   M=E:\EXTRA\PWMANGBAND\OBJ\OBJ-GEAR-COMMON.OBJ ACBP=A9
 0001:00004600 0000010E C=CODE    S=_TEXT    G=(none)   M=E:\EXTRA\PWMANGBAND\OBJ\OPTION.OBJ ACBP=A9
 0001:00004710 000007DF C=CODE    S=_TEXT    G=(none)   M=E:\EXTRA\PWMANGBAND\OBJ\OBJ-TVAL.OBJ ACBP=A9
 0001:00004EF0 00001003 C=CODE    S=_TEXT    G=(none)   M=E:\EXTRA\PWMANGBAND\OBJ\PARSER.OBJ ACBP=A9
 0001:00005EF4 0000041C C=CODE    S=_TEXT    G=(none)   M=E:\EXTRA\PWMANGBAND\OBJ\RANDNAME.OBJ ACBP=A9
 0001:00006310 00001266 C=CODE    S=_TEXT    G=(none)   M=E:\EXTRA\PWMANGBAND\OBJ\SOCKBUF.OBJ ACBP=A9
 0001:00007578 000001E1 C=CODE    S=_TEXT    G=(none)   M=E:\EXTRA\PWMANGBAND\OBJ\SOURCE.OBJ ACBP=A9
 0001:0000775C 000012A9 C=CODE    S=_TEXT    G=(none)   M=E:\EXTRA\PWMANGBAND\OBJ\UTIL.OBJ ACBP=A9
 0001:00008A08 00000954 C=CODE    S=_TEXT    G=(none)   M=E:\EXTRA\PWMANGBAND\OBJ\Z-BITFLAG.OBJ ACBP=A9
 0001:0000935C 00000180 C=CODE    S=_TEXT    G=(none)   M=E:\EXTRA\PWMANGBAND\OBJ\Z-COLOR.OBJ ACBP=A9
 0001:000094DC 000009D9 C=CODE    S=_TEXT    G=(none)   M=E:\EXTRA\PWMANGBAND\OBJ\Z-DICE.OBJ ACBP=A9
 0001:00009EB8 000005D4 C=CODE    S=_TEXT    G=(none)   M=E:\EXTRA\PWMANGBAND\OBJ\Z-EXPRESSION.OBJ ACBP=A9
 0001:0000A48C 000008F7 C=CODE    S=_TEXT    G=(none)   M=E:\EXTRA\PWMANGBAND\OBJ\Z-FILE.OBJ ACBP=A9
 0001:0000AD84 00000773 C=CODE    S=_TEXT    G=(none)   M=E:\EXTRA\PWMANGBAND\OBJ\Z-FORM.OBJ ACBP=A9
 0001:0000B4F8 00000805 C=CODE    S=_TEXT    G=(none)   M=E:\EXTRA\PWMANGBAND\OBJ\Z-RAND.OBJ ACBP=A9
 0001:0000BD00 00000282 C=CODE    S=_TEXT    G=(none)   M=E:\EXTRA\PWMANGBAND\OBJ\Z-SET.OBJ ACBP=A9
 0001:0000BF84 0000038A C=CODE    S=_TEXT    G=(none)   M=E:\EXTRA\PWMANGBAND\OBJ\Z-TYPE.OBJ ACBP=A9
 0001:0000C310 000008D1 C=CODE    S=_TEXT    G=(none)   M=E:\EXTRA\PWMANGBAND\OBJ\Z-UTIL.OBJ ACBP=A9
 0001:0000CBE4 000002BC C=CODE    S=_TEXT    G=(none)   M=E:\EXTRA\PWMANGBAND\OBJ\Z-VIRT.OBJ ACBP=A9
 0001:0000CEA0 000001CF C=CODE    S=_TEXT    G=(none)   M=E:\EXTRA\PWMANGBAND\OBJ\ACCOUNT.OBJ ACBP=A9
 0001:0000D070 00001666 C=CODE    S=_TEXT    G=(none)   M=E:\EXTRA\PWMANGBAND\OBJ\CAVE.OBJ ACBP=A9
 0001:0000E6D8 00001216 C=CODE    S=_TEXT    G=(none)   M=E:\EXTRA\PWMANGBAND\OBJ\CAVE-MAP.OBJ ACBP=A9
 0001:0000F8F0 0000427F C=CODE    S=_TEXT    G=(none)   M=E:\EXTRA\PWMANGBAND\OBJ\CAVE-SQUARE.OBJ ACBP=A9
 0001:00013B70 0000100A C=CODE    S=_TEXT    G=(none)   M=E:\EXTRA\PWMANGBAND\OBJ\CAVE-VIEW.OBJ ACBP=A9
 0001:00014B7C 00000E74 C=CODE    S=_TEXT    G=(none)   M=E:\EXTRA\PWMANGBAND\OBJ\CHANNEL.OBJ ACBP=A9
 0001:000159F0 00004D3E C=CODE    S=_TEXT    G=(none)   M=E:\EXTRA\PWMANGBAND\OBJ\CMD-CAVE.OBJ ACBP=A9
 0001:0001A730 000007B1 C=CODE    S=_TEXT    G=(none)   M=E:\EXTRA\PWMANGBAND\OBJ\CMD-INNATE.OBJ ACBP=A9
 0001:0001AEE4 00000088 C=CODE    S=_TEXT    G=(none)   M=E:\EXTRA\PWMANGBAND\OBJ\CMD-MISC.OBJ ACBP=A9
 0001:0001AF6C 00002FD7 C=CODE    S=_TEXT    G=(none)   M=E:\EXTRA\PWMANGBAND\OBJ\CMD-OBJ.OBJ ACBP=A9
 0001:0001DF44 000010BB C=CODE    S=_TEXT    G=(none)   M=E:\EXTRA\PWMANGBAND\OBJ\CMD-PICKUP.OBJ ACBP=A9
 0001:0001F000 00000FE5 C=CODE    S=_TEXT    G=(none)   M=E:\EXTRA\PWMANGBAND\OBJ\CONTROL.OBJ ACBP=A9
 0001:0001FFE8 00008A5F C=CODE    S=_TEXT    G=(none)   M=E:\EXTRA\PWMANGBAND\OBJ\DISPLAY-UI.OBJ ACBP=A9
 0001:00028A48 0000D2A4 C=CODE    S=_TEXT    G=(none)   M=E:\EXTRA\PWMANGBAND\OBJ\EFFECTS.OBJ ACBP=A9
 0001:00035CEC 00003AC4 C=CODE    S=_TEXT    G=(none)   M=E:\EXTRA\PWMANGBAND\OBJ\GAME-WORLD.OBJ ACBP=A9
 0001:000397B0 00001F2D C=CODE    S=_TEXT    G=(none)   M=E:\EXTRA\PWMANGBAND\OBJ\GENERATE.OBJ ACBP=A9
 0001:0003B6E0 00007477 C=CODE    S=_TEXT    G=(none)   M=E:\EXTRA\PWMANGBAND\OBJ\GEN-CAVE.OBJ ACBP=A9
 0001:00042B58 0000050B C=CODE    S=_TEXT    G=(none)   M=E:\EXTRA\PWMANGBAND\OBJ\GEN-CHUNK.OBJ ACBP=A9
 0001:00043064 0000084B C=CODE    S=_TEXT    G=(none)   M=E:\EXTRA\PWMANGBAND\OBJ\GEN-MONSTER.OBJ ACBP=A9
 0001:000438B0 00006676 C=CODE    S=_TEXT    G=(none)   M=E:\EXTRA\PWMANGBAND\OBJ\GEN-ROOM.OBJ ACBP=A9
 0001:00049F28 00000F4E C=CODE    S=_TEXT    G=(none)   M=E:\EXTRA\PWMANGBAND\OBJ\GEN-UTIL.OBJ ACBP=A9
 0001:0004AE78 0000080E C=CODE    S=_TEXT    G=(none)   M=E:\EXTRA\PWMANGBAND\OBJ\HELP-UI.OBJ ACBP=A9
 0001:0004B688 000002F4 C=CODE    S=_TEXT    G=(none)   M=E:\EXTRA\PWMANGBAND\OBJ\HISTORY-UI.OBJ ACBP=A9
 0001:0004B97C 000010D6 C=CODE    S=_TEXT    G=(none)   M=E:\EXTRA\PWMANGBAND\OBJ\HOUSE.OBJ ACBP=A9
 0001:0004CA54 00006AF8 C=CODE    S=_TEXT    G=(none)   M=E:\EXTRA\PWMANGBAND\OBJ\INIT.OBJ ACBP=A9
 0001:0005354C 00004FC3 C=CODE    S=_TEXT    G=(none)   M=E:\EXTRA\PWMANGBAND\OBJ\KNOWLEDGE-UI.OBJ ACBP=A9
 0001:00058510 00002FD0 C=CODE    S=_TEXT    G=(none)   M=E:\EXTRA\PWMANGBAND\OBJ\LOAD.OBJ ACBP=A9
 0001:0005B4E0 000003C1 C=CODE    S=_TEXT    G=(none)   M=E:\EXTRA\PWMANGBAND\OBJ\MAIN.OBJ ACBP=A9
 0001:0005B8A4 00002228 C=CODE    S=_TEXT    G=(none)   M=E:\EXTRA\PWMANGBAND\OBJ\MAP-UI.OBJ ACBP=A9
 0001:0005DACC 00000510 C=CODE    S=_TEXT    G=(none)   M=E:\EXTRA\PWMANGBAND\OBJ\MESSAGE.OBJ ACBP=A9
 0001:0005DFDC 000004B9 C=CODE    S=_TEXT    G=(none)   M=E:\EXTRA\PWMANGBAND\OBJ\METACLIENT.OBJ ACBP=A9
 0001:0005E498 00001691 C=CODE    S=_TEXT    G=(none)   M=E:\EXTRA\PWMANGBAND\OBJ\MON-ATTACK.OBJ ACBP=A9
 0001:0005FB2C 000026E3 C=CODE    S=_TEXT    G=(none)   M=E:\EXTRA\PWMANGBAND\OBJ\MON-BLOWS.OBJ ACBP=A9
 0001:00062210 000005BE C=CODE    S=_TEXT    G=(none)   M=E:\EXTRA\PWMANGBAND\OBJ\MON-DESC.OBJ ACBP=A9
 0001:000627D0 00003B18 C=CODE    S=_TEXT    G=(none)   M=E:\EXTRA\PWMANGBAND\OBJ\MON-INIT.OBJ ACBP=A9
 0001:000662E8 000005A4 C=CODE    S=_TEXT    G=(none)   M=E:\EXTRA\PWMANGBAND\OBJ\MON-LIST.OBJ ACBP=A9
 0001:0006688C 0000086F C=CODE    S=_TEXT    G=(none)   M=E:\EXTRA\PWMANGBAND\OBJ\MON-LIST-UI.OBJ ACBP=A9
 0001:000670FC 00003077 C=CODE    S=_TEXT    G=(none)   M=E:\EXTRA\PWMANGBAND\OBJ\MON-LORE.OBJ ACBP=A9
 0001:0006A174 00000332 C=CODE    S=_TEXT    G=(none)   M=E:\EXTRA\PWMANGBAND\OBJ\MON-LORE-UI.OBJ ACBP=A9
 0001:0006A4A8 0000393B C=CODE    S=_TEXT    G=(none)   M=E:\EXTRA\PWMANGBAND\OBJ\MON-MAKE.OBJ ACBP=A9
 0001:0006DDE4 00004080 C=CODE    S=_TEXT    G=(none)   M=E:\EXTRA\PWMANGBAND\OBJ\MON-MOVE.OBJ ACBP=A9
 0001:00071E64 00000001 C=CODE    S=_TEXT    G=(none)   M=C:\PROGRAM FILES\BORLAND\CBUILDER6\LIB\CW32MTI.LIB|crtlst_i ACBP=A9
 0001:00071E68 00000001 C=CODE    S=_TEXT    G=(none)   M=C:\PROGRAM FILES\BORLAND\CBUILDER6\LIB\CW32MTI.LIB|crtlst_l ACBP=A9
 0001:00071E6C 0000009F C=CODE    S=_TEXT    G=(none)   M=C:\PROGRAM FILES\BORLAND\CBUILDER6\LIB\CW32MTI.LIB|xxv ACBP=A9
 0001:00071F0C 00000026 C=CODE    S=_TEXT    G=(none)   M=C:\PROGRAM FILES\BORLAND\CBUILDER6\LIB\CW32MTI.LIB|setargv2 ACBP=A9
 0001:00071F34 00000B4C C=CODE    S=_TEXT    G=(none)   M=E:\EXTRA\PWMANGBAND\OBJ\MON-MSG.OBJ ACBP=A9
 0001:00072A80 00000354 C=CODE    S=_TEXT    G=(none)   M=E:\EXTRA\PWMANGBAND\OBJ\MON-PREDICATE.OBJ ACBP=A9
 0001:00072DD4 00000CED C=CODE    S=_TEXT    G=(none)   M=E:\EXTRA\PWMANGBAND\OBJ\MON-SPELL.OBJ ACBP=A9
 0001:00073AC4 00000E31 C=CODE    S=_TEXT    G=(none)   M=E:\EXTRA\PWMANGBAND\OBJ\MON-SUMMON.OBJ ACBP=A9
 0001:000748F8 0000088F C=CODE    S=_TEXT    G=(none)   M=E:\EXTRA\PWMANGBAND\OBJ\MON-TIMED.OBJ ACBP=A9
 0001:00075188 00002EE4 C=CODE    S=_TEXT    G=(none)   M=E:\EXTRA\PWMANGBAND\OBJ\MON-UTIL.OBJ ACBP=A9
 0001:0007806C 0000C71C C=CODE    S=_TEXT    G=(none)   M=E:\EXTRA\PWMANGBAND\OBJ\NETSERVER.OBJ ACBP=A9
 0001:00084788 00000817 C=CODE    S=_TEXT    G=(none)   M=E:\EXTRA\PWMANGBAND\OBJ\OBJ-CHEST.OBJ ACBP=A9
 0001:00084FA0 00000DBB C=CODE    S=_TEXT    G=(none)   M=E:\EXTRA\PWMANGBAND\OBJ\OBJ-CURSE.OBJ ACBP=A9
 0001:00085D5C 000013D2 C=CODE    S=_TEXT    G=(none)   M=E:\EXTRA\PWMANGBAND\OBJ\OBJ-DESC.OBJ ACBP=A9
 0001:00087130 000019AB C=CODE    S=_TEXT    G=(none)   M=E:\EXTRA\PWMANGBAND\OBJ\OBJ-GEAR.OBJ ACBP=A9
 0001:00088ADC 00000861 C=CODE    S=_TEXT    G=(none)   M=E:\EXTRA\PWMANGBAND\OBJ\OBJ-IGNORE.OBJ ACBP=A9
 0001:00089340 00004054 C=CODE    S=_TEXT    G=(none)   M=E:\EXTRA\PWMANGBAND\OBJ\OBJ-INFO.OBJ ACBP=A9
 0001:0008D394 0000708B C=CODE    S=_TEXT    G=(none)   M=E:\EXTRA\PWMANGBAND\OBJ\OBJ-INIT.OBJ ACBP=A9
 0001:00094420 00000202 C=CODE    S=_TEXT    G=(none)   M=E:\EXTRA\PWMANGBAND\OBJ\OBJ-INSCRIP.OBJ ACBP=A9
 0001:00094624 000040E8 C=CODE    S=_TEXT    G=(none)   M=E:\EXTRA\PWMANGBAND\OBJ\OBJ-KNOWLEDGE.OBJ ACBP=A9
 0001:0009870C 0000085D C=CODE    S=_TEXT    G=(none)   M=E:\EXTRA\PWMANGBAND\OBJ\OBJ-LIST.OBJ ACBP=A9
 0001:00098F6C 00000880 C=CODE    S=_TEXT    G=(none)   M=E:\EXTRA\PWMANGBAND\OBJ\OBJ-LIST-UI.OBJ ACBP=A9
 0001:000997EC 00003556 C=CODE    S=_TEXT    G=(none)   M=E:\EXTRA\PWMANGBAND\OBJ\OBJ-MAKE.OBJ ACBP=A9
 0001:0009CD44 0000211B C=CODE    S=_TEXT    G=(none)   M=E:\EXTRA\PWMANGBAND\OBJ\OBJ-PILE.OBJ ACBP=A9
 0001:0009EE60 000019B4 C=CODE    S=_TEXT    G=(none)   M=E:\EXTRA\PWMANGBAND\OBJ\OBJ-POWER.OBJ ACBP=A9
 0001:000A0814 000047D2 C=CODE    S=_TEXT    G=(none)   M=E:\EXTRA\PWMANGBAND\OBJ\OBJ-RANDART.OBJ ACBP=A9
 0001:000A4FE8 0000029C C=CODE    S=_TEXT    G=(none)   M=E:\EXTRA\PWMANGBAND\OBJ\OBJ-PROPERTIES.OBJ ACBP=A9
 0001:000A5284 00001A0A C=CODE    S=_TEXT    G=(none)   M=E:\EXTRA\PWMANGBAND\OBJ\OBJ-SLAYS.OBJ ACBP=A9
 0001:000A6C90 0000085F C=CODE    S=_TEXT    G=(none)   M=E:\EXTRA\PWMANGBAND\OBJ\OBJ-UI.OBJ ACBP=A9
 0001:000A74F0 00002159 C=CODE    S=_TEXT    G=(none)   M=E:\EXTRA\PWMANGBAND\OBJ\OBJ-UTIL.OBJ ACBP=A9
 0001:000A964C 000015A3 C=CODE    S=_TEXT    G=(none)   M=E:\EXTRA\PWMANGBAND\OBJ\PARTY.OBJ ACBP=A9
 0001:000AABF0 00002166 C=CODE    S=_TEXT    G=(none)   M=E:\EXTRA\PWMANGBAND\OBJ\PLAYER.OBJ ACBP=A9
 0001:000ACD58 000048AD C=CODE    S=_TEXT    G=(none)   M=E:\EXTRA\PWMANGBAND\OBJ\PLAYER-ATTACK.OBJ ACBP=A9
 0001:000B1608 00001FE7 C=CODE    S=_TEXT    G=(none)   M=E:\EXTRA\PWMANGBAND\OBJ\PLAYER-BIRTH.OBJ ACBP=A9
 0001:000B35F0 00004011 C=CODE    S=_TEXT    G=(none)   M=E:\EXTRA\PWMANGBAND\OBJ\PLAYER-CALCS.OBJ ACBP=A9
 0001:000B7604 0000083C C=CODE    S=_TEXT    G=(none)   M=E:\EXTRA\PWMANGBAND\OBJ\PLAYER-HISTORY.OBJ ACBP=A9
 0001:000B7E40 000009EA C=CODE    S=_TEXT    G=(none)   M=E:\EXTRA\PWMANGBAND\OBJ\PLAYER-PATH.OBJ ACBP=A9
 0001:000B882C 00000E06 C=CODE    S=_TEXT    G=(none)   M=E:\EXTRA\PWMANGBAND\OBJ\PLAYER-QUEST.OBJ ACBP=A9
 0001:000B9634 00001C5F C=CODE    S=_TEXT    G=(none)   M=E:\EXTRA\PWMANGBAND\OBJ\PLAYER-SPELL.OBJ ACBP=A9
 0001:000BB294 000021B3 C=CODE    S=_TEXT    G=(none)   M=E:\EXTRA\PWMANGBAND\OBJ\PLAYER-TIMED.OBJ ACBP=A9
 0001:000BD448 00000A7A C=CODE    S=_TEXT    G=(none)   M=E:\EXTRA\PWMANGBAND\OBJ\PLAYER-UI.OBJ ACBP=A9
 0001:000BDEC4 00002D56 C=CODE    S=_TEXT    G=(none)   M=E:\EXTRA\PWMANGBAND\OBJ\PLAYER-UTIL.OBJ ACBP=A9
 0001:000C0C1C 00001A7B C=CODE    S=_TEXT    G=(none)   M=E:\EXTRA\PWMANGBAND\OBJ\PREFS-UI.OBJ ACBP=A9
 0001:000C2698 00001690 C=CODE    S=_TEXT    G=(none)   M=E:\EXTRA\PWMANGBAND\OBJ\PROJECT.OBJ ACBP=A9
 0001:000C3D28 00001227 C=CODE    S=_TEXT    G=(none)   M=E:\EXTRA\PWMANGBAND\OBJ\PROJECT-FEAT.OBJ ACBP=A9
 0001:000C4F50 00002D5A C=CODE    S=_TEXT    G=(none)   M=E:\EXTRA\PWMANGBAND\OBJ\PROJECT-MON.OBJ ACBP=A9
 0001:000C7CAC 00000F3A C=CODE    S=_TEXT    G=(none)   M=E:\EXTRA\PWMANGBAND\OBJ\PROJECT-OBJ.OBJ ACBP=A9
 0001:000C8BE8 00002F6D C=CODE    S=_TEXT    G=(none)   M=E:\EXTRA\PWMANGBAND\OBJ\PROJECT-PLAYER.OBJ ACBP=A9
 0001:000CBB58 000029FA C=CODE    S=_TEXT    G=(none)   M=E:\EXTRA\PWMANGBAND\OBJ\SAVE.OBJ ACBP=A9
 0001:000CE554 00001935 C=CODE    S=_TEXT    G=(none)   M=E:\EXTRA\PWMANGBAND\OBJ\SAVEFILE.OBJ ACBP=A9
 0001:000CFE8C 00000786 C=CODE    S=_TEXT    G=(none)   M=E:\EXTRA\PWMANGBAND\OBJ\SCHED-WIN.OBJ ACBP=A9
 0001:000D0614 0000070A C=CODE    S=_TEXT    G=(none)   M=E:\EXTRA\PWMANGBAND\OBJ\SCORE.OBJ ACBP=A9
 0001:000D0D20 00000519 C=CODE    S=_TEXT    G=(none)   M=E:\EXTRA\PWMANGBAND\OBJ\SCORE-UI.OBJ ACBP=A9
 0001:000D123C 00004523 C=CODE    S=_TEXT    G=(none)   M=E:\EXTRA\PWMANGBAND\OBJ\STORE.OBJ ACBP=A9
 0001:000D5760 00000AE5 C=CODE    S=_TEXT    G=(none)   M=E:\EXTRA\PWMANGBAND\OBJ\S-UTIL.OBJ ACBP=A9
 0001:000D6248 00001180 C=CODE    S=_TEXT    G=(none)   M=E:\EXTRA\PWMANGBAND\OBJ\TARGET.OBJ ACBP=A9
 0001:000D73C8 00001E8D C=CODE    S=_TEXT    G=(none)   M=E:\EXTRA\PWMANGBAND\OBJ\TARGET-UI.OBJ ACBP=A9
 0001:000D9258 00001105 C=CODE    S=_TEXT    G=(none)   M=E:\EXTRA\PWMANGBAND\OBJ\TRAP.OBJ ACBP=A9
 0001:000DA360 000050AB C=CODE    S=_TEXT    G=(none)   M=E:\EXTRA\PWMANGBAND\OBJ\WILDERNESS.OBJ ACBP=A9
 0001:000DF40C 0000011A C=CODE    S=_TEXT    G=(none)   M=E:\EXTRA\PWMANGBAND\OBJ\Z-QUARK.OBJ ACBP=A9
 0001:000DF528 00000176 C=CODE    S=_TEXT    G=(none)   M=E:\EXTRA\PWMANGBAND\OBJ\Z-QUEUE.OBJ ACBP=A9
 0001:000DF6A0 00000463 C=CODE    S=_TEXT    G=(none)   M=E:\EXTRA\PWMANGBAND\OBJ\Z-TEXTBLOCK.OBJ ACBP=A9
 0002:00000000 000000A4 C=DATA    S=_DATA    G=DGROUP   M=C:\PROGRAM FILES\BORLAND\CBUILDER6\LIB\C0X32.OBJ ACBP=A9
 0002:000000A4 00000050 C=DATA    S=_DATA    G=DGROUP   M=E:\EXTRA\PWMANGBAND\OBJ\BUILDID.OBJ ACBP=A9
 0002:000000F4 00000638 C=DATA    S=_DATA    G=DGROUP   M=E:\EXTRA\PWMANGBAND\OBJ\DATAFILE.OBJ ACBP=A9
 0002:0000072C 000006F8 C=DATA    S=_DATA    G=DGROUP   M=E:\EXTRA\PWMANGBAND\OBJ\DISPLAY.OBJ ACBP=A9
 0002:00000E24 00000054 C=DATA    S=_DATA    G=DGROUP   M=E:\EXTRA\PWMANGBAND\OBJ\MD5.OBJ ACBP=A9
 0002:00000E78 00000390 C=DATA    S=_DATA    G=DGROUP   M=E:\EXTRA\PWMANGBAND\OBJ\NET-WIN.OBJ ACBP=A9
 0002:00001208 00000310 C=DATA    S=_DATA    G=DGROUP   M=E:\EXTRA\PWMANGBAND\OBJ\OBJ-GEAR-COMMON.OBJ ACBP=A9
 0002:00001518 00000938 C=DATA    S=_DATA    G=DGROUP   M=E:\EXTRA\PWMANGBAND\OBJ\OPTION.OBJ ACBP=A9
 0002:00001E50 000003C0 C=DATA    S=_DATA    G=DGROUP   M=E:\EXTRA\PWMANGBAND\OBJ\OBJ-TVAL.OBJ ACBP=A9
 0002:00002210 000003E0 C=DATA    S=_DATA    G=DGROUP   M=E:\EXTRA\PWMANGBAND\OBJ\PARSER.OBJ ACBP=A9
 0002:000025F0 000001FC C=DATA    S=_DATA    G=DGROUP   M=E:\EXTRA\PWMANGBAND\OBJ\RANDNAME.OBJ ACBP=A9
 0002:000027EC 000003C4 C=DATA    S=_DATA    G=DGROUP   M=E:\EXTRA\PWMANGBAND\OBJ\SOCKBUF.OBJ ACBP=A9
 0002:00002BB0 000010B4 C=DATA    S=_DATA    G=DGROUP   M=E:\EXTRA\PWMANGBAND\OBJ\UTIL.OBJ ACBP=A9
 0002:00003C64 000002BC C=DATA    S=_DATA    G=DGROUP   M=E:\EXTRA\PWMANGBAND\OBJ\Z-BITFLAG.OBJ ACBP=A9
 0002:00003F20 00003100 C=DATA    S=_DATA    G=DGROUP   M=E:\EXTRA\PWMANGBAND\OBJ\Z-COLOR.OBJ ACBP=A9
 0002:00007020 00000086 C=DATA    S=_DATA    G=DGROUP   M=E:\EXTRA\PWMANGBAND\OBJ\Z-DICE.OBJ ACBP=A9
 0002:000070A8 00000038 C=DATA    S=_DATA    G=DGROUP   M=E:\EXTRA\PWMANGBAND\OBJ\Z-EXPRESSION.OBJ ACBP=A9
 0002:000070E0 00000040 C=DATA    S=_DATA    G=DGROUP   M=E:\EXTRA\PWMANGBAND\OBJ\Z-FILE.OBJ ACBP=A9
 0002:00007120 00000088 C=DATA    S=_DATA    G=DGROUP   M=E:\EXTRA\PWMANGBAND\OBJ\Z-FORM.OBJ ACBP=A9
 0002:000071A8 000002F0 C=DATA    S=_DATA    G=DGROUP   M=E:\EXTRA\PWMANGBAND\OBJ\Z-RAND.OBJ ACBP=A9
 0002:00007498 00000084 C=DATA    S=_DATA    G=DGROUP   M=E:\EXTRA\PWMANGBAND\OBJ\Z-SET.OBJ ACBP=A9
 0002:0000751C 00000058 C=DATA    S=_DATA    G=DGROUP   M=E:\EXTRA\PWMANGBAND\OBJ\Z-UTIL.OBJ ACBP=A9
 0002:00007574 00000024 C=DATA    S=_DATA    G=DGROUP   M=E:\EXTRA\PWMANGBAND\OBJ\Z-VIRT.OBJ ACBP=A9
 0002:00007598 0000004C C=DATA    S=_DATA    G=DGROUP   M=E:\EXTRA\PWMANGBAND\OBJ\ACCOUNT.OBJ ACBP=A9
 0002:000075E4 00000F20 C=DATA    S=_DATA    G=DGROUP   M=E:\EXTRA\PWMANGBAND\OBJ\CAVE.OBJ ACBP=A9
 0002:00008504 000001BC C=DATA    S=_DATA    G=DGROUP   M=E:\EXTRA\PWMANGBAND\OBJ\CAVE-MAP.OBJ ACBP=A9
 0002:000086C0 00001D30 C=DATA    S=_DATA    G=DGROUP   M=E:\EXTRA\PWMANGBAND\OBJ\CAVE-SQUARE.OBJ ACBP=A9
 0002:0000A3F0 00000198 C=DATA    S=_DATA    G=DGROUP   M=E:\EXTRA\PWMANGBAND\OBJ\CAVE-VIEW.OBJ ACBP=A9
 0002:0000A588 00000194 C=DATA    S=_DATA    G=DGROUP   M=E:\EXTRA\PWMANGBAND\OBJ\CHANNEL.OBJ ACBP=A9
 0002:0000A71C 00001CC4 C=DATA    S=_DATA    G=DGROUP   M=E:\EXTRA\PWMANGBAND\OBJ\CMD-CAVE.OBJ ACBP=A9
 0002:0000C3E0 00000230 C=DATA    S=_DATA    G=DGROUP   M=E:\EXTRA\PWMANGBAND\OBJ\CMD-INNATE.OBJ ACBP=A9
 0002:0000C610 0000002C C=DATA    S=_DATA    G=DGROUP   M=E:\EXTRA\PWMANGBAND\OBJ\CMD-MISC.OBJ ACBP=A9
 0002:0000C63C 00001260 C=DATA    S=_DATA    G=DGROUP   M=E:\EXTRA\PWMANGBAND\OBJ\CMD-OBJ.OBJ ACBP=A9
 0002:0000D89C 000002D4 C=DATA    S=_DATA    G=DGROUP   M=E:\EXTRA\PWMANGBAND\OBJ\CMD-PICKUP.OBJ ACBP=A9
 0002:0000DB70 0000064C C=DATA    S=_DATA    G=DGROUP   M=E:\EXTRA\PWMANGBAND\OBJ\CONTROL.OBJ ACBP=A9
 0002:0000E1BC 000017D0 C=DATA    S=_DATA    G=DGROUP   M=E:\EXTRA\PWMANGBAND\OBJ\DISPLAY-UI.OBJ ACBP=A9
 0002:0000F98C 00004AB0 C=DATA    S=_DATA    G=DGROUP   M=E:\EXTRA\PWMANGBAND\OBJ\EFFECTS.OBJ ACBP=A9
 0002:0001443C 00000834 C=DATA    S=_DATA    G=DGROUP   M=E:\EXTRA\PWMANGBAND\OBJ\GAME-WORLD.OBJ ACBP=A9
 0002:00014C70 00000928 C=DATA    S=_DATA    G=DGROUP   M=E:\EXTRA\PWMANGBAND\OBJ\GENERATE.OBJ ACBP=A9
 0002:00015598 00000378 C=DATA    S=_DATA    G=DGROUP   M=E:\EXTRA\PWMANGBAND\OBJ\GEN-CAVE.OBJ ACBP=A9
 0002:00015910 0000028C C=DATA    S=_DATA    G=DGROUP   M=E:\EXTRA\PWMANGBAND\OBJ\GEN-CHUNK.OBJ ACBP=A9
 0002:00015B9C 0000005C C=DATA    S=_DATA    G=DGROUP   M=E:\EXTRA\PWMANGBAND\OBJ\GEN-MONSTER.OBJ ACBP=A9
 0002:00015BF8 000006E8 C=DATA    S=_DATA    G=DGROUP   M=E:\EXTRA\PWMANGBAND\OBJ\GEN-ROOM.OBJ ACBP=A9
 0002:000162E0 000006E0 C=DATA    S=_DATA    G=DGROUP   M=E:\EXTRA\PWMANGBAND\OBJ\GEN-UTIL.OBJ ACBP=A9
 0002:000169C0 0000015C C=DATA    S=_DATA    G=DGROUP   M=E:\EXTRA\PWMANGBAND\OBJ\HELP-UI.OBJ ACBP=A9
 0002:00016B1C 000000B0 C=DATA    S=_DATA    G=DGROUP   M=E:\EXTRA\PWMANGBAND\OBJ\HISTORY-UI.OBJ ACBP=A9
 0002:00016BCC 000000B0 C=DATA    S=_DATA    G=DGROUP   M=E:\EXTRA\PWMANGBAND\OBJ\HOUSE.OBJ ACBP=A9
 0002:00016C7C 00002F84 C=DATA    S=_DATA    G=DGROUP   M=E:\EXTRA\PWMANGBAND\OBJ\INIT.OBJ ACBP=A9
 0002:00019C00 00001834 C=DATA    S=_DATA    G=DGROUP   M=E:\EXTRA\PWMANGBAND\OBJ\KNOWLEDGE-UI.OBJ ACBP=A9
 0002:0001B434 0000046C C=DATA    S=_DATA    G=DGROUP   M=E:\EXTRA\PWMANGBAND\OBJ\LOAD.OBJ ACBP=A9
 0002:0001B8A0 000001AC C=DATA    S=_DATA    G=DGROUP   M=E:\EXTRA\PWMANGBAND\OBJ\MAIN.OBJ ACBP=A9
 0002:0001BA4C 0000054C C=DATA    S=_DATA    G=DGROUP   M=E:\EXTRA\PWMANGBAND\OBJ\MAP-UI.OBJ ACBP=A9
 0002:0001BF98 0000001C C=DATA    S=_DATA    G=DGROUP   M=E:\EXTRA\PWMANGBAND\OBJ\MESSAGE.OBJ ACBP=A9
 0002:0001BFB4 0000017C C=DATA    S=_DATA    G=DGROUP   M=E:\EXTRA\PWMANGBAND\OBJ\METACLIENT.OBJ ACBP=A9
 0002:0001C130 00000190 C=DATA    S=_DATA    G=DGROUP   M=E:\EXTRA\PWMANGBAND\OBJ\MON-ATTACK.OBJ ACBP=A9
 0002:0001C2C0 00000AB8 C=DATA    S=_DATA    G=DGROUP   M=E:\EXTRA\PWMANGBAND\OBJ\MON-BLOWS.OBJ ACBP=A9
 0002:0001CD78 000001F4 C=DATA    S=_DATA    G=DGROUP   M=E:\EXTRA\PWMANGBAND\OBJ\MON-DESC.OBJ ACBP=A9
 0002:0001CF6C 00001C40 C=DATA    S=_DATA    G=DGROUP   M=E:\EXTRA\PWMANGBAND\OBJ\MON-INIT.OBJ ACBP=A9
 0002:0001EBAC 00000110 C=DATA    S=_DATA    G=DGROUP   M=E:\EXTRA\PWMANGBAND\OBJ\MON-LIST-UI.OBJ ACBP=A9
 0002:0001ECBC 00001328 C=DATA    S=_DATA    G=DGROUP   M=E:\EXTRA\PWMANGBAND\OBJ\MON-LORE.OBJ ACBP=A9
 0002:0001FFE4 000000F4 C=DATA    S=_DATA    G=DGROUP   M=E:\EXTRA\PWMANGBAND\OBJ\MON-LORE-UI.OBJ ACBP=A9
 0002:000200D8 000008F4 C=DATA    S=_DATA    G=DGROUP   M=E:\EXTRA\PWMANGBAND\OBJ\MON-MAKE.OBJ ACBP=A9
 0002:000209CC 000006F4 C=DATA    S=_DATA    G=DGROUP   M=E:\EXTRA\PWMANGBAND\OBJ\MON-MOVE.OBJ ACBP=A9
 0002:000210C0 000000C4 C=DATA    S=_DATA    G=DGROUP   M=C:\PROGRAM FILES\BORLAND\CBUILDER6\LIB\CW32MTI.LIB|xxv ACBP=A9
 0002:00021170 00000004 C=DATA    S=_DATA    G=DGROUP   M=C:\PROGRAM FILES\BORLAND\CBUILDER6\LIB\CW32MTI.LIB|fmode ACBP=A9
 0002:00021174 00000004 C=DATA    S=_DATA    G=DGROUP   M=C:\PROGRAM FILES\BORLAND\CBUILDER6\LIB\CW32MTI.LIB|cfinfo ACBP=A9
 0002:00021178 00000004 C=DATA    S=_DATA    G=DGROUP   M=C:\PROGRAM FILES\BORLAND\CBUILDER6\LIB\CW32MTI.LIB|xinitcvt ACBP=A9
 0002:0002117C 00000004 C=DATA    S=_DATA    G=DGROUP   M=C:\PROGRAM FILES\BORLAND\CBUILDER6\LIB\CW32MTI.LIB|setargv2 ACBP=A9
 0002:00021180 00000004 C=DATA    S=_DATA    G=DGROUP   M=C:\PROGRAM FILES\BORLAND\CBUILDER6\LIB\CW32MTI.LIB|wildptr ACBP=A9
 0002:00021184 00000004 C=DATA    S=_DATA    G=DGROUP   M=C:\PROGRAM FILES\BORLAND\CBUILDER6\LIB\CW32MTI.LIB|wwildptr ACBP=A9
 0002:00021188 00000004 C=DATA    S=_DATA    G=DGROUP   M=C:\PROGRAM FILES\BORLAND\CBUILDER6\LIB\CW32MTI.LIB|xsetenvp ACBP=A9
 0002:0002118C 00000C70 C=DATA    S=_DATA    G=DGROUP   M=E:\EXTRA\PWMANGBAND\OBJ\MON-MSG.OBJ ACBP=A9
 0002:00021DFC 00000158 C=DATA    S=_DATA    G=DGROUP   M=E:\EXTRA\PWMANGBAND\OBJ\MON-PREDICATE.OBJ ACBP=A9
 0002:00021F54 0000090C C=DATA    S=_DATA    G=DGROUP   M=E:\EXTRA\PWMANGBAND\OBJ\MON-SPELL.OBJ ACBP=A9
 0002:00022860 0000029C C=DATA    S=_DATA    G=DGROUP   M=E:\EXTRA\PWMANGBAND\OBJ\MON-SUMMON.OBJ ACBP=A9
 0002:00022AFC 00000580 C=DATA    S=_DATA    G=DGROUP   M=E:\EXTRA\PWMANGBAND\OBJ\MON-TIMED.OBJ ACBP=A9
 0002:0002307C 00000EE4 C=DATA    S=_DATA    G=DGROUP   M=E:\EXTRA\PWMANGBAND\OBJ\MON-UTIL.OBJ ACBP=A9
 0002:00023F60 000031FC C=DATA    S=_DATA    G=DGROUP   M=E:\EXTRA\PWMANGBAND\OBJ\NETSERVER.OBJ ACBP=A9
 0002:0002715C 000002C4 C=DATA    S=_DATA    G=DGROUP   M=E:\EXTRA\PWMANGBAND\OBJ\OBJ-CHEST.OBJ ACBP=A9
 0002:00027420 00000158 C=DATA    S=_DATA    G=DGROUP   M=E:\EXTRA\PWMANGBAND\OBJ\OBJ-CURSE.OBJ ACBP=A9
 0002:00027578 00000434 C=DATA    S=_DATA    G=DGROUP   M=E:\EXTRA\PWMANGBAND\OBJ\OBJ-DESC.OBJ ACBP=A9
 0002:000279AC 000004A8 C=DATA    S=_DATA    G=DGROUP   M=E:\EXTRA\PWMANGBAND\OBJ\OBJ-GEAR.OBJ ACBP=A9
 0002:00027E54 000000D0 C=DATA    S=_DATA    G=DGROUP   M=E:\EXTRA\PWMANGBAND\OBJ\OBJ-IGNORE.OBJ ACBP=A9
 0002:00027F24 00002AA8 C=DATA    S=_DATA    G=DGROUP   M=E:\EXTRA\PWMANGBAND\OBJ\OBJ-INFO.OBJ ACBP=A9
 0002:0002A9CC 00001EEC C=DATA    S=_DATA    G=DGROUP   M=E:\EXTRA\PWMANGBAND\OBJ\OBJ-INIT.OBJ ACBP=A9
 0002:0002C8B8 00000068 C=DATA    S=_DATA    G=DGROUP   M=E:\EXTRA\PWMANGBAND\OBJ\OBJ-INSCRIP.OBJ ACBP=A9
 0002:0002C920 00000BC4 C=DATA    S=_DATA    G=DGROUP   M=E:\EXTRA\PWMANGBAND\OBJ\OBJ-KNOWLEDGE.OBJ ACBP=A9
 0002:0002D4E4 00000014 C=DATA    S=_DATA    G=DGROUP   M=E:\EXTRA\PWMANGBAND\OBJ\OBJ-LIST.OBJ ACBP=A9
 0002:0002D4F8 000000E4 C=DATA    S=_DATA    G=DGROUP   M=E:\EXTRA\PWMANGBAND\OBJ\OBJ-LIST-UI.OBJ ACBP=A9
 0002:0002D5DC 0000055C C=DATA    S=_DATA    G=DGROUP   M=E:\EXTRA\PWMANGBAND\OBJ\OBJ-MAKE.OBJ ACBP=A9
 0002:0002DB38 000002BC C=DATA    S=_DATA    G=DGROUP   M=E:\EXTRA\PWMANGBAND\OBJ\OBJ-PILE.OBJ ACBP=A9
 0002:0002DDF4 000007A4 C=DATA    S=_DATA    G=DGROUP   M=E:\EXTRA\PWMANGBAND\OBJ\OBJ-POWER.OBJ ACBP=A9
 0002:0002E598 00000658 C=DATA    S=_DATA    G=DGROUP   M=E:\EXTRA\PWMANGBAND\OBJ\OBJ-RANDART.OBJ ACBP=A9
 0002:0002EBF0 0000041C C=DATA    S=_DATA    G=DGROUP   M=E:\EXTRA\PWMANGBAND\OBJ\OBJ-PROPERTIES.OBJ ACBP=A9
 0002:0002F00C 000004E8 C=DATA    S=_DATA    G=DGROUP   M=E:\EXTRA\PWMANGBAND\OBJ\OBJ-SLAYS.OBJ ACBP=A9
 0002:0002F4F4 0000003C C=DATA    S=_DATA    G=DGROUP   M=E:\EXTRA\PWMANGBAND\OBJ\OBJ-UI.OBJ ACBP=A9
 0002:0002F530 00000550 C=DATA    S=_DATA    G=DGROUP   M=E:\EXTRA\PWMANGBAND\OBJ\OBJ-UTIL.OBJ ACBP=A9
 0002:0002FA80 000004B0 C=DATA    S=_DATA    G=DGROUP   M=E:\EXTRA\PWMANGBAND\OBJ\PARTY.OBJ ACBP=A9
 0002:0002FF30 0000068C C=DATA    S=_DATA    G=DGROUP   M=E:\EXTRA\PWMANGBAND\OBJ\PLAYER.OBJ ACBP=A9
 0002:000305BC 00000DBC C=DATA    S=_DATA    G=DGROUP   M=E:\EXTRA\PWMANGBAND\OBJ\PLAYER-ATTACK.OBJ ACBP=A9
 0002:00031378 000001C0 C=DATA    S=_DATA    G=DGROUP   M=E:\EXTRA\PWMANGBAND\OBJ\PLAYER-BIRTH.OBJ ACBP=A9
 0002:00031538 00001908 C=DATA    S=_DATA    G=DGROUP   M=E:\EXTRA\PWMANGBAND\OBJ\PLAYER-CALCS.OBJ ACBP=A9
 0002:00032E40 00000278 C=DATA    S=_DATA    G=DGROUP   M=E:\EXTRA\PWMANGBAND\OBJ\PLAYER-HISTORY.OBJ ACBP=A9
 0002:000330B8 0000001B C=DATA    S=_DATA    G=DGROUP   M=E:\EXTRA\PWMANGBAND\OBJ\PLAYER-PATH.OBJ ACBP=A9
 0002:000330D4 00000328 C=DATA    S=_DATA    G=DGROUP   M=E:\EXTRA\PWMANGBAND\OBJ\PLAYER-QUEST.OBJ ACBP=A9
 0002:000333FC 0000072C C=DATA    S=_DATA    G=DGROUP   M=E:\EXTRA\PWMANGBAND\OBJ\PLAYER-SPELL.OBJ ACBP=A9
 0002:00033B28 00002684 C=DATA    S=_DATA    G=DGROUP   M=E:\EXTRA\PWMANGBAND\OBJ\PLAYER-TIMED.OBJ ACBP=A9
 0002:000361AC 00000204 C=DATA    S=_DATA    G=DGROUP   M=E:\EXTRA\PWMANGBAND\OBJ\PLAYER-UI.OBJ ACBP=A9
 0002:000363B0 00000824 C=DATA    S=_DATA    G=DGROUP   M=E:\EXTRA\PWMANGBAND\OBJ\PLAYER-UTIL.OBJ ACBP=A9
 0002:00036BD4 00000630 C=DATA    S=_DATA    G=DGROUP   M=E:\EXTRA\PWMANGBAND\OBJ\PREFS-UI.OBJ ACBP=A9
 0002:00037204 00000544 C=DATA    S=_DATA    G=DGROUP   M=E:\EXTRA\PWMANGBAND\OBJ\PROJECT.OBJ ACBP=A9
 0002:00037748 000002B0 C=DATA    S=_DATA    G=DGROUP   M=E:\EXTRA\PWMANGBAND\OBJ\PROJECT-FEAT.OBJ ACBP=A9
 0002:000379F8 00000A80 C=DATA    S=_DATA    G=DGROUP   M=E:\EXTRA\PWMANGBAND\OBJ\PROJECT-MON.OBJ ACBP=A9
 0002:00038478 00000468 C=DATA    S=_DATA    G=DGROUP   M=E:\EXTRA\PWMANGBAND\OBJ\PROJECT-OBJ.OBJ ACBP=A9
 0002:000388E0 00000928 C=DATA    S=_DATA    G=DGROUP   M=E:\EXTRA\PWMANGBAND\OBJ\PROJECT-PLAYER.OBJ ACBP=A9
 0002:00039208 00000030 C=DATA    S=_DATA    G=DGROUP   M=E:\EXTRA\PWMANGBAND\OBJ\SAVE.OBJ ACBP=A9
 0002:00039238 00000BA8 C=DATA    S=_DATA    G=DGROUP   M=E:\EXTRA\PWMANGBAND\OBJ\SAVEFILE.OBJ ACBP=A9
 0002:00039DE0 00000154 C=DATA    S=_DATA    G=DGROUP   M=E:\EXTRA\PWMANGBAND\OBJ\SCHED-WIN.OBJ ACBP=A9
 0002:00039F34 000001B8 C=DATA    S=_DATA    G=DGROUP   M=E:\EXTRA\PWMANGBAND\OBJ\SCORE.OBJ ACBP=A9
 0002:0003A0EC 00000128 C=DATA    S=_DATA    G=DGROUP   M=E:\EXTRA\PWMANGBAND\OBJ\SCORE-UI.OBJ ACBP=A9
 0002:0003A214 00000AD0 C=DATA    S=_DATA    G=DGROUP   M=E:\EXTRA\PWMANGBAND\OBJ\STORE.OBJ ACBP=A9
 0002:0003ACE4 00000108 C=DATA    S=_DATA    G=DGROUP   M=E:\EXTRA\PWMANGBAND\OBJ\S-UTIL.OBJ ACBP=A9
 0002:0003ADEC 000001BC C=DATA    S=_DATA    G=DGROUP   M=E:\EXTRA\PWMANGBAND\OBJ\TARGET.OBJ ACBP=A9
 0002:0003AFA8 00000284 C=DATA    S=_DATA    G=DGROUP   M=E:\EXTRA\PWMANGBAND\OBJ\TARGET-UI.OBJ ACBP=A9
 0002:0003B22C 000003EC C=DATA    S=_DATA    G=DGROUP   M=E:\EXTRA\PWMANGBAND\OBJ\TRAP.OBJ ACBP=A9
 0002:0003B618 0000126C C=DATA    S=_DATA    G=DGROUP   M=E:\EXTRA\PWMANGBAND\OBJ\WILDERNESS.OBJ ACBP=A9
 0002:0003C884 0000001C C=DATA    S=_DATA    G=DGROUP   M=E:\EXTRA\PWMANGBAND\OBJ\Z-QUARK.OBJ ACBP=A9
 0002:0003C8A0 00000078 C=DATA    S=_DATA    G=DGROUP   M=E:\EXTRA\PWMANGBAND\OBJ\Z-QUEUE.OBJ ACBP=A9
 0002:0003C918 00000010 C=DATA    S=_DATA    G=DGROUP   M=E:\EXTRA\PWMANGBAND\OBJ\Z-TEXTBLOCK.OBJ ACBP=A9
 0003:00000000 00000020 C=BSS     S=_BSS     G=DGROUP   M=E:\EXTRA\PWMANGBAND\OBJ\BUILDID.OBJ ACBP=A9
 0003:00000020 000007E1 C=BSS     S=_BSS     G=DGROUP   M=E:\EXTRA\PWMANGBAND\OBJ\DISPLAY.OBJ ACBP=A9
 0003:00000804 00000030 C=BSS     S=_BSS     G=DGROUP   M=E:\EXTRA\PWMANGBAND\OBJ\NET-WIN.OBJ ACBP=A9
 0003:00000834 000000CC C=BSS     S=_BSS     G=DGROUP   M=E:\EXTRA\PWMANGBAND\OBJ\OPTION.OBJ ACBP=A9
 0003:00000900 00009F80 C=BSS     S=_BSS     G=DGROUP   M=E:\EXTRA\PWMANGBAND\OBJ\RANDNAME.OBJ ACBP=A9
 0003:0000A880 00000004 C=BSS     S=_BSS     G=DGROUP   M=E:\EXTRA\PWMANGBAND\OBJ\SOCKBUF.OBJ ACBP=A9
 0003:0000A884 00000054 C=BSS     S=_BSS     G=DGROUP   M=E:\EXTRA\PWMANGBAND\OBJ\UTIL.OBJ ACBP=A9
 0003:0000A8D8 00000100 C=BSS     S=_BSS     G=DGROUP   M=E:\EXTRA\PWMANGBAND\OBJ\Z-COLOR.OBJ ACBP=A9
 0003:0000A9D8 00000014 C=BSS     S=_BSS     G=DGROUP   M=E:\EXTRA\PWMANGBAND\OBJ\Z-RAND.OBJ ACBP=A9
 0003:0000A9EC 000043A0 C=BSS     S=_BSS     G=DGROUP   M=E:\EXTRA\PWMANGBAND\OBJ\Z-TYPE.OBJ ACBP=A9
 0003:0000ED8C 00000400 C=BSS     S=_BSS     G=DGROUP   M=E:\EXTRA\PWMANGBAND\OBJ\Z-UTIL.OBJ ACBP=A9
 0003:0000F18C 000000D4 C=BSS     S=_BSS     G=DGROUP   M=E:\EXTRA\PWMANGBAND\OBJ\CAVE.OBJ ACBP=A9
 0003:0000F260 0000000C C=BSS     S=_BSS     G=DGROUP   M=E:\EXTRA\PWMANGBAND\OBJ\CHANNEL.OBJ ACBP=A9
 0003:0000F26C 0000005C C=BSS     S=_BSS     G=DGROUP   M=E:\EXTRA\PWMANGBAND\OBJ\DISPLAY-UI.OBJ ACBP=A9
 0003:0000F2C8 00000014 C=BSS     S=_BSS     G=DGROUP   M=E:\EXTRA\PWMANGBAND\OBJ\GAME-WORLD.OBJ ACBP=A9
 0003:0000F2DC 00000014 C=BSS     S=_BSS     G=DGROUP   M=E:\EXTRA\PWMANGBAND\OBJ\GENERATE.OBJ ACBP=A9
 0003:0000F2F0 00000014 C=BSS     S=_BSS     G=DGROUP   M=E:\EXTRA\PWMANGBAND\OBJ\GEN-MONSTER.OBJ ACBP=A9
 0003:0000F304 00000004 C=BSS     S=_BSS     G=DGROUP   M=E:\EXTRA\PWMANGBAND\OBJ\HOUSE.OBJ ACBP=A9
 0003:0000F308 0000000C C=BSS     S=_BSS     G=DGROUP   M=E:\EXTRA\PWMANGBAND\OBJ\INIT.OBJ ACBP=A9
 0003:0000F314 00000004 C=BSS     S=_BSS     G=DGROUP   M=E:\EXTRA\PWMANGBAND\OBJ\KNOWLEDGE-UI.OBJ ACBP=A9
 0003:0000F318 00000003 C=BSS     S=_BSS     G=DGROUP   M=E:\EXTRA\PWMANGBAND\OBJ\LOAD.OBJ ACBP=A9
 0003:0000F31C 00000418 C=BSS     S=_BSS     G=DGROUP   M=E:\EXTRA\PWMANGBAND\OBJ\METACLIENT.OBJ ACBP=A9
 0003:0000F734 00000010 C=BSS     S=_BSS     G=DGROUP   M=E:\EXTRA\PWMANGBAND\OBJ\MON-INIT.OBJ ACBP=A9
 0003:0000F744 00000008 C=BSS     S=_BSS     G=DGROUP   M=E:\EXTRA\PWMANGBAND\OBJ\MON-MAKE.OBJ ACBP=A9
 0003:0000F74C 00000008 C=BSS     S=_BSS     G=DGROUP   M=C:\PROGRAM FILES\BORLAND\CBUILDER6\LIB\CW32MTI.LIB|xxv ACBP=A9
 0003:0000F754 00000008 C=BSS     S=_BSS     G=DGROUP   M=C:\PROGRAM FILES\BORLAND\CBUILDER6\LIB\CW32MTI.LIB|setargv2 ACBP=A9
 0003:0000F75C 00000008 C=BSS     S=_BSS     G=DGROUP   M=E:\EXTRA\PWMANGBAND\OBJ\MON-SUMMON.OBJ ACBP=A9
 0003:0000F764 000035E0 C=BSS     S=_BSS     G=DGROUP   M=E:\EXTRA\PWMANGBAND\OBJ\NETSERVER.OBJ ACBP=A9
 0003:00012D44 00000010 C=BSS     S=_BSS     G=DGROUP   M=E:\EXTRA\PWMANGBAND\OBJ\OBJ-INIT.OBJ ACBP=A9
 0003:00012D54 00000008 C=BSS     S=_BSS     G=DGROUP   M=E:\EXTRA\PWMANGBAND\OBJ\OBJ-KNOWLEDGE.OBJ ACBP=A9
 0003:00012D5C 0000001C C=BSS     S=_BSS     G=DGROUP   M=E:\EXTRA\PWMANGBAND\OBJ\OBJ-MAKE.OBJ ACBP=A9
 0003:00012D78 00000004 C=BSS     S=_BSS     G=DGROUP   M=E:\EXTRA\PWMANGBAND\OBJ\OBJ-POWER.OBJ ACBP=A9
 0003:00012D7C 00000458 C=BSS     S=_BSS     G=DGROUP   M=E:\EXTRA\PWMANGBAND\OBJ\OBJ-RANDART.OBJ ACBP=A9
 0003:000131D4 00000004 C=BSS     S=_BSS     G=DGROUP   M=E:\EXTRA\PWMANGBAND\OBJ\OBJ-PROPERTIES.OBJ ACBP=A9
 0003:000131D8 00000008 C=BSS     S=_BSS     G=DGROUP   M=E:\EXTRA\PWMANGBAND\OBJ\OBJ-SLAYS.OBJ ACBP=A9
 0003:000131E0 00000390 C=BSS     S=_BSS     G=DGROUP   M=E:\EXTRA\PWMANGBAND\OBJ\OBJ-UTIL.OBJ ACBP=A9
 0003:00013570 00008000 C=BSS     S=_BSS     G=DGROUP   M=E:\EXTRA\PWMANGBAND\OBJ\PARTY.OBJ ACBP=A9
 0003:0001B570 00000008 C=BSS     S=_BSS     G=DGROUP   M=E:\EXTRA\PWMANGBAND\OBJ\PLAYER.OBJ ACBP=A9
 0003:0001B578 00000004 C=BSS     S=_BSS     G=DGROUP   M=E:\EXTRA\PWMANGBAND\OBJ\PLAYER-BIRTH.OBJ ACBP=A9
 0003:0001B57C 00000004 C=BSS     S=_BSS     G=DGROUP   M=E:\EXTRA\PWMANGBAND\OBJ\PLAYER-QUEST.OBJ ACBP=A9
 0003:0001B580 00000028 C=BSS     S=_BSS     G=DGROUP   M=E:\EXTRA\PWMANGBAND\OBJ\PREFS-UI.OBJ ACBP=A9
 0003:0001B5A8 00000580 C=BSS     S=_BSS     G=DGROUP   M=E:\EXTRA\PWMANGBAND\OBJ\PROJECT.OBJ ACBP=A9
 0003:0001BB28 00000178 C=BSS     S=_BSS     G=DGROUP   M=E:\EXTRA\PWMANGBAND\OBJ\SAVEFILE.OBJ ACBP=A9
 0003:0001BCA0 00000124 C=BSS     S=_BSS     G=DGROUP   M=E:\EXTRA\PWMANGBAND\OBJ\SCHED-WIN.OBJ ACBP=A9
 0003:0001BDC4 0000028C C=BSS     S=_BSS     G=DGROUP   M=E:\EXTRA\PWMANGBAND\OBJ\STORE.OBJ ACBP=A9
 0003:0001C050 00000180 C=BSS     S=_BSS     G=DGROUP   M=E:\EXTRA\PWMANGBAND\OBJ\WILDERNESS.OBJ ACBP=A9
 0003:0001C1D0 00000004 C=BSS     S=_BSS     G=DGROUP   M=E:\EXTRA\PWMANGBAND\OBJ\Z-QUARK.OBJ ACBP=A9
 0004:00000000 0000009C C=TLS     S=_TLS     G=DGROUP   M=C:\PROGRAM FILES\BORLAND\CBUILDER6\LIB\CW32MTI.LIB|xxv ACBP=A9

 Address Publics by Name

 0001:00000158  Sysinit::__linkproc__ __fastcall GetTls()
 0003:0000A9F4  _ANGBAND_DIR_CUSTOMIZE
 0003:0000AA00  _ANGBAND_DIR_FONTS
 0003:0000A9F0  _ANGBAND_DIR_GAMEDATA
 0003:0000A9F8  _ANGBAND_DIR_HELP
 0003:0000AA0C  _ANGBAND_DIR_ICONS
 0003:0000AA14  _ANGBAND_DIR_SAVE
 0003:0000AA18  _ANGBAND_DIR_SCORES
 0003:0000A9FC  _ANGBAND_DIR_SCREENS
 0003:0000AA08  _ANGBAND_DIR_SOUNDS
 0003:0000AA04  _ANGBAND_DIR_TILES
 0003:0000AA10  _ANGBAND_DIR_USER
 0003:0000A9EC  _ANGBAND_SYS
 0001:00003710  _CleanupDgramSocket
 0003:0000CFE0  _Client_setup
 0001:00079F1C  _Conn_get_console_channels
 0001:00079B98  _Conn_get_console_setting
 0001:00079B37  _Conn_is_alive
 0001:00079B64  _Conn_set_console_setting
 0001:0007815E  _Conn_set_state
 0001:00003EDD  _CreateClientSocket
 0001:0000386A  _CreateDgramAddrSocket
 0001:000037D2  _CreateDgramSocket
 0001:00003D77  _CreateServerSocket
 0001:000797E9  _Destroy_connection
 0001:00003908  _DgramBind
 0001:00003D1E  _DgramClose
 0001:0000396A  _DgramConnect
 0001:00003CBE  _DgramLastaddr
 0001:00003CCE  _DgramLastname
 0001:00003D0A  _DgramLastport
 0001:00003B84  _DgramRead
 0001:00003AE1  _DgramReceive
 0001:00003A9F  _DgramReceiveAny
 0001:00003B60  _DgramReply
 0001:000039FE  _DgramSend
 0001:00003C09  _DgramSendRec
 0001:00003BBB  _DgramWrite
 0003:0000F19C  _FEAT_BROKEN
 0003:0000F194  _FEAT_CLOSED
 0003:0000F210  _FEAT_CROP
 0003:0000F23C  _FEAT_DEEP_WATER
 0003:0000F1F8  _FEAT_DIRT
 0003:0000F1E8  _FEAT_DRAWBRIDGE
 0003:0000F218  _FEAT_EVIL_TREE
 0003:0000F190  _FEAT_FLOOR
 0003:0000F208  _FEAT_FLOOR_PIT
 0003:0000F1FC  _FEAT_FLOOR_SAFE
 0003:0000F1F0  _FEAT_FNT_DRIED
 0003:0000F1EC  _FEAT_FOUNTAIN
 0003:0000F1C4  _FEAT_GRANITE
 0003:0000F20C  _FEAT_GRASS
 0003:0000F240  _FEAT_HILL
 0003:0000F250  _FEAT_HOME_CLOSED
 0003:0000F24C  _FEAT_HOME_OPEN
 0003:0000F22C  _FEAT_ICE
 0003:0000F230  _FEAT_ICEWALL
 0003:0000F1CC  _FEAT_LAVA
 0003:0000F200  _FEAT_LAVA_STREAM
 0003:0000F1A0  _FEAT_LESS
 0003:0000F220  _FEAT_LOGS
 0003:0000F1F4  _FEAT_LOOSE_DIRT
 0003:0000F1B4  _FEAT_MAGMA
 0003:0000F1BC  _FEAT_MAGMA_K
 0003:0000F1A4  _FEAT_MORE
 0003:0000F21C  _FEAT_MOUNTAIN
 0003:0000F1E4  _FEAT_MUD
 0003:0000F18C  _FEAT_NONE
 0003:0000F198  _FEAT_OPEN
 0003:0000F1B0  _FEAT_PASS_RUBBLE
 0003:0000F1C8  _FEAT_PERM
 0003:0000F1DC  _FEAT_PERM_ARENA
 0003:0000F248  _FEAT_PERM_CLEAR
 0003:0000F1D8  _FEAT_PERM_FAKE
 0003:0000F1D4  _FEAT_PERM_HOUSE
 0003:0000F1D0  _FEAT_PERM_STATIC
 0003:0000F1B8  _FEAT_QUARTZ
 0003:0000F1C0  _FEAT_QUARTZ_K
 0003:0000F1AC  _FEAT_RUBBLE
 0003:0000F224  _FEAT_SAND
 0003:0000F228  _FEAT_SANDWALL
 0003:0000F1A8  _FEAT_SECRET
 0003:0000F244  _FEAT_SHORE
 0003:0000F204  _FEAT_STREET
 0003:0000F234  _FEAT_SWAMP
 0003:0000F238  _FEAT_TOWN
 0003:0000F214  _FEAT_TREE
 0003:0000F1E0  _FEAT_WATER
 0001:00003D43  _GetLocalHostName
 0001:00003502  _GetPortNum
 0001:00003E40  _GetSockAddr
 0001:000035D6  _GetSocketError
 0001:000041DA  _GetSocketErrorMessage
 0001:000040AE  _GetSocketErrorMessageAux
 0001:00079ECF  _Init_setup
 0001:000033F8  _MD5Password
 0001:0008456F  _Net_input
 0001:0008464E  _Net_output
 0001:000846BC  _Net_output_p
 0001:0001FFB9  _NewConsole
 0003:0001B570  _NumPlayers
 0001:00006BD2  _Packet_printf
 0001:00006F2C  _Packet_scanf
 0001:0000B6CB  _Rand_div
 0001:0000B6A0  _Rand_init
 0001:0000BBA7  _Rand_mod
 0001:0000B789  _Rand_normal
 0002:0000722C  _Rand_quick
 0001:0000B837  _Rand_sample
 0001:0000B89B  _Rand_simple
 0001:0000B624  _Rand_state_init
 0001:0000BC0E  _Rand_test
 0003:0000A9E8  _Rand_value
 0001:000792C3  _Report_to_meta
 0001:00003E70  _SLGetPeerName
 0002:000071AC  _STATE
 0001:0007B941  _Send_ac
 0001:0007BB5D  _Send_autoinscription
 0001:0007CBD1  _Send_aware
 0001:00079F37  _Send_basic_info
 0001:0007D27E  _Send_birth_options
 0001:0007A7DD  _Send_body_struct_info
 0001:0007C638  _Send_book_info
 0001:0007DA88  _Send_channel
 0001:0007C43C  _Send_char
 0001:0007D231  _Send_char_info
 0001:0007D1AA  _Send_char_info_conn
 0001:0007A407  _Send_class_struct_info
 0001:0007C3B5  _Send_count
 0001:0007B111  _Send_curse_struct_info
 0001:0007CE10  _Send_cursor
 0001:0007B7A4  _Send_death_cause
 0001:0007BCD1  _Send_depth
 0001:0007CF22  _Send_dtrap
 0001:0007D31F  _Send_dump_character
 0001:0007CD50  _Send_ego_everseen
 0001:0007AC4C  _Send_ego_struct_info
 0001:0007CC90  _Send_everseen
 0001:0007B982  _Send_exp
 0001:0007B3D8  _Send_feat_struct_info
 0001:0007D081  _Send_features
 0001:0007C679  _Send_floor
 0001:0007DA40  _Send_flush
 0001:0007BD15  _Send_food
 0001:0007D79E  _Send_fullmap
 0001:0007B9C8  _Send_gold
 0001:0007AE1A  _Send_hints_struct_info
 0001:0007BB19  _Send_history
 0001:0007BA06  _Send_hp
 0001:0007D8D3  _Send_ignore
 0001:0007BBC4  _Send_index
 0001:0007D49A  _Send_item
 0001:0007BC0B  _Send_item_request
 0001:0007AA4F  _Send_kind_struct_info
 0001:00079FBC  _Send_limits_struct_info
 0001:0007C0EE  _Send_line_info
 0001:0007B872  _Send_lvl
 0001:0007D419  _Send_message
 0001:0007C9B8  _Send_mini_map
 0001:0007CB8D  _Send_monster_health
 0001:0007CE5A  _Send_objflags
 0001:0007D671  _Send_party
 0001:0007CB52  _Send_pause
 0001:0007D027  _Send_play
 0001:0007CFCE  _Send_player_pos
 0001:0007B8F4  _Send_plusses
 0001:0007D854  _Send_poly
 0001:0007A103  _Send_race_struct_info
 0001:0007B016  _Send_rbinfo_struct_info
 0001:0007B26D  _Send_realm_struct_info
 0001:0007BDC2  _Send_recall
 0001:0007C2AF  _Send_remote_line
 0001:0007AF16  _Send_rinfo_struct_info
 0001:0007C3FB  _Send_show_floor
 0001:0007CA4A  _Send_skills
 0001:0007A92A  _Send_socials_struct_info
 0001:0007C97A  _Send_sound
 0001:0007BA47  _Send_sp
 0001:0007D73A  _Send_special_line
 0001:0007C7F8  _Send_special_other
 0001:0007C331  _Send_speed
 0001:0007CEDE  _Send_spell_desc
 0001:0007C5D4  _Send_spell_info
 0001:0007BACC  _Send_stat
 0001:0007BE07  _Send_state
 0001:0007BD53  _Send_status
 0001:0007C865  _Send_store
 0001:0007C8D3  _Send_store_info
 0001:0007D895  _Send_store_leave
 0001:0007D62B  _Send_store_sell
 0001:0007C372  _Send_study
 0001:0007C91D  _Send_target_info
 0001:0007CF63  _Send_term_info
 0001:0007D0CF  _Send_text_screen
 0001:0007B5D2  _Send_timed_struct_info
 0001:0007BC4F  _Send_title
 0001:0007B4D2  _Send_trap_struct_info
 0001:0007BC8D  _Send_turn
 0001:0007BA88  _Send_various
 0001:0007B8B3  _Send_weight
 0001:0007B837  _Send_winner
 0001:000035BC  _SetSocketBroadcast
 0001:00003FE7  _SetSocketNoDelay
 0001:00003572  _SetSocketNonBlocking
 0001:00003538  _SetSocketReceiveBufferSize
 0001:00003555  _SetSocketSendBufferSize
 0001:000034EC  _SetTimeout
 0003:0000AA1C  _Setup
 0001:00078113  _Setup_net_server
 0001:000063C7  _Sockbuf_advance
 0001:00006373  _Sockbuf_cleanup
 0001:000063AC  _Sockbuf_clear
 0001:00006B55  _Sockbuf_copy
 0001:000065D4  _Sockbuf_flush
 0001:00006310  _Sockbuf_init
 0001:000068F4  _Sockbuf_read
 0001:0000654A  _Sockbuf_rollback
 0001:00006836  _Sockbuf_write
 0001:00003FA6  _SocketAccept
 0001:000036EC  _SocketClose
 0001:00003FBF  _SocketLinger
 0001:00003FFE  _SocketRead
 0001:00003615  _SocketReadable
 0001:00004090  _SocketWrite
 0001:000799F9  _Stop_net_server
 0003:0000F74C  __DestructorCountPtr
 0001:00071E98  __ExceptInit
 0002:0002115C  __ExceptVarsSize
 0001:00000071  __GetExceptDLLinfo
 0001:00071EE4  __GetExceptDLLinfoInternal
 0002:0000009C  __PackageInfoTable
 0002:0000008B  __TLS_index
 0002:0000008F  __TLS_index4
 0002:00000098  ___CPPdebugHook
 0002:00000098  ___CPPdebugHook_segment
 0002:000210C0  ___CPPexceptionList
 0001:00071E68  ___CRTL_VCLLIB_Linkage
 0001:00071E64  ___CRTL_VCL_Init
 0002:000210DC  ___ExceptStaticXbuff
 0001:00000158  ___System__GetTls
 0003:0000F754  ___dll_argc
 0003:0000F758  ___dll_argv
 0002:000210C4  ___exceptFlags
 0002:000210D8  ___exceptMemAllocVars
 0002:000210D4  ___exceptStaticBuffP
 0002:0000007D  ___isDLL
 0002:00000044  ___isGUI
 0002:0000007C  ___isVCLPackage
 0002:000210D0  ___throwExceptionName
 0002:000210C8  ___throwFileName
 0002:000210CC  ___throwLineNumber
 0002:0000008A  ___useDynamicTLS
 0004:00000000  ___xxInfo
 0001:00000018  __acrtused
 0002:00021180  __argv_expand_ptr
 0002:00021174  __fileinfo
 0002:00021170  __fmode
 0001:0000007E  __getHInstance
 0002:00000093  __hInstance
 0001:00000076  __isDLL
 0002:0002117C  __setargv__
 0002:00021188  __setenvp__
 0002:00021178  __turboFloat
 0002:00021184  __wargv_expand_ptr
 0003:000131E4  _a_info
 0001:000274DF  _access_arena
 0001:0009C6C0  _acquirement
 0002:0002AAC8  _act_parser
 0003:00012D7C  _activations
 0001:000892D9  _add_autoinscription
 0001:0000E1A2  _add_building
 0001:0000E12F  _add_crop
 0001:0004A3DB  _add_down_stairs
 0001:0000E315  _add_moat
 0001:00072227  _add_monster_message
 0001:000AA82F  _add_player_name
 0001:0000C24B  _add_to_point_set
 0002:00031D88  _adj_con_fix
 0002:00031CF0  _adj_dex_safe
 0002:000318C8  _adj_dex_th
 0002:00033494  _adj_mag_stat
 0002:00031BC0  _adj_str_blow
 0002:00031A90  _adj_str_hold
 0002:00031830  _adj_str_td
 0001:000C8DC1  _adjust_dam
 0001:0005EDDA  _adjust_dam_armor
 0001:000083BC  _adv_exp
 0001:000D5A12  _alloc_header_icky
 0001:000D5888  _alloc_info_icky
 0001:0004AB68  _alloc_object
 0001:0004AB1A  _alloc_objects
 0001:0004AAB1  _alloc_stairs
 0002:00003F20  _angband_color_table
 0001:000BA618  _antimagic_field
 0001:00085AAE  _append_artifact_curse
 0001:000A549A  _append_brand
 0001:00085C9D  _append_curse
 0001:000856DB  _append_object_curse
 0001:000A55DC  _append_random_brand
 0001:000A5637  _append_random_slay
 0001:000A534B  _append_slay
 0001:000891A8  _apply_autoinscription
 0001:0009BC85  _apply_magic
 0001:000422F2  _arena_gen
 0003:0001C064  _arenas
 0002:00007548  _argv0
 0002:0002AB04  _artifact_parser
 0002:00007554  _assert_aux
 0001:00088DFC  _assess_object
 0001:000C0509  _auto_retaliate
 0001:00076477  _aware_player
 0001:000DB8B6  _base_wpos
 0001:000764A5  _become_aware
 0001:00000168  _beta_version
 0001:000621BC  _blow_effect_index
 0003:0000F738  _blow_effects
 0001:00062169  _blow_method_index
 0003:0000F734  _blow_methods
 0003:0000A8C4  _bodies
 0001:00028076  _bolt_pict
 0002:00007539  _bool_false
 0002:00007538  _bool_true
 0001:000A566E  _brand_count
 0002:0002AAA0  _brand_parser
 0003:000131DC  _brands
 0001:000A6918  _brands_are_equal
 0001:000ACD58  _breakage_chance
 0001:000737C2  _breath_dam
 0001:000739FB  _breath_effect
 0003:0000A8B8  _breeds
 0001:00000A3B  _buffer_clear
 0001:00000B0B  _buffer_line
 0001:00000A89  _buffer_put_ch
 0001:00000AA8  _buffer_put_str
 0001:000468A9  _build_circular
 0001:00047008  _build_crossed
 0001:00009416  _build_gamma_table
 0001:00048D36  _build_greater_vault
 0001:0001A10F  _build_house
 0001:00049B0B  _build_huge
 0001:00048C67  _build_interesting
 0001:0004749A  _build_large
 0001:00048C82  _build_lesser_vault
 0001:00048CDC  _build_medium_vault
 0001:00048E21  _build_moria
 0001:00047F8A  _build_nest
 0001:00046D85  _build_overlap
 0001:00048334  _build_pit
 0001:0004901F  _build_room_of_chambers
 0001:000D09BD  _build_score
 0001:00046AD6  _build_simple
 0001:00048C4C  _build_template
 0001:0004593F  _build_vault
 0002:0000751D  _byte_tmp
 0001:000B4EAD  _calc_bonuses
 0001:000B42A0  _calc_digging_chances
 0001:000B45EA  _calc_inventory
 0003:00012D78  _calculations
 0001:000C7B9A  _can_charm_monster
 0001:000BF960  _can_swim
 0001:000BF62C  _cancel_running
 0001:000BA3C7  _cast_spell_end
 0001:000BAECA  _cast_spell_proj
 0001:0000D88D  _cave_find_decoy
 0001:00049FBA  _cave_find_in_range
 0001:0000D5E8  _cave_free
 0001:0000F618  _cave_illuminate
 0001:0000D77A  _cave_monster
 0001:0000D7E2  _cave_monster_count
 0001:0000D7D6  _cave_monster_max
 0001:0000D4E3  _cave_new
 0001:0003AF88  _cave_wipe
 0001:0003F0D7  _cavern_gen
 0001:0002389D  _center_panel
 0002:00016CDC  _cfg_ai_learn
 0002:00016CB1  _cfg_artifact_drop_shallow
 0002:00016CBC  _cfg_base_monsters
 0002:00016C88  _cfg_bind_name
 0002:00016CB8  _cfg_chardump_color
 0002:00016CC4  _cfg_chardump_label
 0002:00016CBF  _cfg_console_local_only
 0002:00016C90  _cfg_console_password
 0002:00016CD2  _cfg_constant_time_factor
 0002:00016CD6  _cfg_diving_mode
 0002:00016CD0  _cfg_double_purse
 0002:00016C94  _cfg_dungeon_master
 0002:00016CBD  _cfg_extra_monsters
 0002:0000072C  _cfg_fps
 0002:00016CBE  _cfg_ghost_diving
 0002:00016CD1  _cfg_level_req
 0002:00016CA4  _cfg_level_unstatic_chance
 0002:00016CB2  _cfg_limit_player_connections
 0002:00016CD4  _cfg_limit_stairs
 0002:00016CCF  _cfg_limited_esp
 0002:00016CC0  _cfg_load_pref_file
 0002:00016C7D  _cfg_mang_meta
 0002:00016C9C  _cfg_max_account_chars
 0002:00016C80  _cfg_meta_address
 0002:00016C84  _cfg_meta_port
 0002:00016CB0  _cfg_more_towns
 0002:00016CA1  _cfg_newbies_cannot_drop
 0002:00016CD8  _cfg_no_artifacts
 0002:00016CDB  _cfg_no_ghost
 0002:00016CD9  _cfg_no_selling
 0002:00016CA0  _cfg_no_steal
 0002:00016CDA  _cfg_no_stores
 0002:00016CCC  _cfg_party_sharelevel
 0002:00016CC8  _cfg_preserve_artifacts
 0002:00016CBA  _cfg_pvp_hostility
 0002:00016CA8  _cfg_random_artifacts
 0002:00016C8C  _cfg_report_address
 0002:00016C7C  _cfg_report_to_meta
 0002:00016CAC  _cfg_retire_timer
 0002:00016CCA  _cfg_safe_recharge
 0002:00016C98  _cfg_secret_dungeon_master
 0002:00016CB4  _cfg_tcp_port
 0002:00016CCE  _cfg_turn_based
 0003:0000F260  _chan_audit
 0003:0000F268  _chan_cheat
 0003:0000F264  _chan_debug
 0001:0002369E  _change_panel
 0001:00014F08  _channel_join
 0001:000151BD  _channel_leave
 0003:0000D59C  _channels
 0001:00015207  _channels_leave
 0002:0000751C  _char_tmp
 0001:000C7BC0  _charm_monster
 0001:000BA62B  _check_antimagic
 0001:000BAAE2  _check_antisummon
 0001:0005ED5A  _check_hit
 0001:00094420  _check_prevent_inscription
 0001:000BFC12  _check_st_anchor
 0001:000D553C  _check_store_drop
 0001:00084828  _chest_check
 0001:00084788  _chest_trap_type
 0001:0007692D  _choose_nearby_injured_kin
 0001:00042F4F  _chunk_decrease_player_count
 0001:00042DEE  _chunk_get
 0001:00043033  _chunk_get_player_count
 0001:00042FFC  _chunk_has_players
 0001:00042FCC  _chunk_increase_player_count
 0001:00042F18  _chunk_inhibit_players
 0001:00042C53  _chunk_list_add
 0001:00042C85  _chunk_list_remove
 0001:00042F98  _chunk_set_player_count
 0001:00042CB6  _chunk_validate_objects
 0003:0000A8BC  _classes
 0001:0003CD37  _classic_gen
 0001:000D61C4  _clean_name
 0001:00052ADD  _cleanup_angband
 0001:00007A0E  _cleanup_body
 0001:00007895  _cleanup_class
 0001:0008917C  _cleanup_ignore
 0001:0000775C  _cleanup_p_race
 0001:00000426  _cleanup_parser
 0001:000AC61F  _cleanup_player
 0001:000077D9  _cleanup_realm
 0003:000007F0  _clear_hook
 0001:0007DC3E  _cmd_cast
 0001:0007DBF7  _cmd_fire_at_nearest
 0001:0007DAEB  _cmd_ignore_drop
 0001:0007DB64  _cmd_rest
 0001:0007DB26  _cmd_run
 0001:0007DBA4  _cmd_tunnel
 0001:000D6955  _cmp_distance
 0001:00007EA6  _cnv_stat
 0001:000D5760  _color_attr_to_char
 0001:0000935C  _color_char_to_attr
 0002:00004320  _color_table
 0001:000093D9  _color_text_to_attr
 0001:0004C5D8  _colorize_door
 0001:00088745  _combine_pack
 0001:0004B36F  _common_file_peruse
 0001:0006AC0F  _compact_monsters
 0001:000A7E8E  _compare_items
 0001:000B35B7  _connection_type_ok
 0001:00079B0F  _console_buffer
 0001:0001F48E  _console_print
 0001:0000CB57  _contains_only_spaces
 0001:0009AC53  _copy_artifact_data
 0001:000A5586  _copy_brands
 0001:000851BB  _copy_curses
 0001:000A5444  _copy_slays
 0001:0004A17F  _correct_dir
 0001:000848E6  _count_chests
 0001:0000D7EE  _count_feats
 0002:0000753C  _cptr_null
 0002:00007530  _cptr_tmp
 0001:00019832  _create_house
 0001:000751AA  _create_mon_flag_mask
 0001:00073848  _create_mon_spell_mask
 0001:0004CF52  _create_needed_dirs
 0001:000A5057  _create_obj_flag_mask
 0001:0009CA20  _create_randart
 0001:0009B2E1  _create_randart_drop
 0001:000BFBDD  _current_clear
 0001:0000016F  _current_version
 0003:00012D44  _curse_object_kind
 0002:0002AAB4  _curse_parser
 0003:0000A8D0  _curses
 0001:000852A8  _curses_are_equal
 0001:000B7213  _cursor_track
 0001:0000B954  _damcalc
 0001:0000B913  _damroll
 0002:000075E4  _ddd
 0002:000075F8  _ddgrid
 0002:0000766C  _ddgrid_ddd
 0002:00002C08  _ddx
 0002:00007648  _ddx_ddd
 0002:00002C1C  _ddy
 0002:0000765A  _ddy_ddd
 0001:00022D7A  _death_knowledge
 0001:0009A36A  _dec_power
 0001:0009A3D6  _dec_resist
 0001:0006A94C  _delete_monster
 0001:0006A6D8  _delete_monster_idx
 0001:000AA8CC  _delete_player_name
 0001:00028A48  _desc_stat
 0001:00027FE4  _describe_feat
 0001:0006A477  _describe_monster
 0001:00027CFD  _describe_player
 0001:00075188  _describe_race_flag
 0001:00027F4B  _describe_trap
 0001:00009739  _dice_bind_expression
 0001:00009C3C  _dice_evaluate
 0001:00009680  _dice_free
 0001:00009657  _dice_new
 0001:000097BC  _dice_parse_string
 0001:00009ABB  _dice_random_value
 0001:00009C9C  _dice_roll
 0001:00009CF2  _dice_test_values
 0001:00009D47  _dice_test_variables
 0001:0000AB75  _dir_create
 0001:0000AB2C  _dir_exists
 0001:0002853F  _display_bolt
 0001:00001EF2  _display_depth
 0001:000A70B5  _display_equip
 0001:000281D9  _display_explosion
 0001:00018B76  _display_feeling
 0001:000A71D7  _display_floor
 0001:0000D991  _display_fullmap
 0001:000A6F38  _display_inven
 0001:0005D057  _display_map
 0001:0002891F  _display_message
 0001:00028695  _display_missile
 0001:000A74AC  _display_object_recall_interactive
 0001:00001E43  _display_player
 0001:00002460  _display_status_subwindow
 0001:0000242D  _display_statusline
 0001:0001A69C  _display_time
 0002:00007F0C  _dist_offsets_x
 0002:00007EE4  _dist_offsets_y
 0001:00013B70  _distance
 0001:000A80E5  _distribute_charges
 0001:000BF664  _disturb
 0001:0000CB9D  _djb2_hash
 0001:0001ED1F  _do_autopickup
 0001:0001D879  _do_cmd_activate
 0001:0001DF26  _do_cmd_activate_end
 0001:0001D843  _do_cmd_aim_wand
 0001:000174F9  _do_cmd_alter
 0001:0001EEE4  _do_cmd_autopickup
 0001:0001A9F2  _do_cmd_breath
 0001:000D4068  _do_cmd_buy
 0001:0001C913  _do_cmd_cast
 0001:00057193  _do_cmd_center_map
 0001:00015996  _do_cmd_chat
 0001:000574E0  _do_cmd_check_other
 0001:00057211  _do_cmd_check_players
 0001:00058073  _do_cmd_check_poly
 0001:0005840C  _do_cmd_check_socials
 0001:00016806  _do_cmd_close
 0001:000569CA  _do_cmd_describe
 0001:0001BD00  _do_cmd_destroy
 0001:000172E7  _do_cmd_disarm
 0001:00084E34  _do_cmd_disarm_chest
 0001:0001BBBF  _do_cmd_drop
 0001:00055B97  _do_cmd_drop_gold
 0001:0001D894  _do_cmd_eat_food
 0001:000B0E45  _do_cmd_fire
 0001:000B1475  _do_cmd_fire_at_nearest
 0001:00056CE5  _do_cmd_fountain
 0001:0001A730  _do_cmd_ghost
 0001:00015BBD  _do_cmd_go_down
 0001:000159F0  _do_cmd_go_up
 0001:0001EFCA  _do_cmd_hold
 0001:0001B2AB  _do_cmd_inscribe
 0001:000584A8  _do_cmd_interactive
 0001:000571DF  _do_cmd_itemlist
 0001:000187A3  _do_cmd_jump
 0001:00055887  _do_cmd_knowledge
 0001:000D10B8  _do_cmd_knowledge_scores
 0001:00056A2C  _do_cmd_locate
 0001:000272C3  _do_cmd_master
 0001:0001593C  _do_cmd_message
 0001:0001AB38  _do_cmd_mimic
 0001:000571AD  _do_cmd_monlist
 0001:0001B5D4  _do_cmd_observe
 0001:00016420  _do_cmd_open
 0001:00084CF6  _do_cmd_open_chest
 0001:000AA5E6  _do_cmd_party
 0001:0001EE68  _do_cmd_pickup
 0001:00057AD0  _do_cmd_poly
 0001:00018EBD  _do_cmd_purchase_house
 0001:0001D8AE  _do_cmd_quaff_potion
 0001:00056878  _do_cmd_query_symbol
 0001:0001D960  _do_cmd_read_scroll
 0001:0001DECF  _do_cmd_read_scroll_end
 0001:00055B40  _do_cmd_redraw
 0001:0001DD0B  _do_cmd_refill
 0001:00018A75  _do_cmd_rest
 0001:000D463B  _do_cmd_retrieve
 0001:0001894E  _do_cmd_run
 0001:000D47E1  _do_cmd_sell
 0001:00018B57  _do_cmd_sleep
 0001:0002796F  _do_cmd_social
 0001:000D4A15  _do_cmd_stash
 0001:00055D9F  _do_cmd_steal
 0001:000D52E9  _do_cmd_store
 0001:0001C0F5  _do_cmd_study
 0001:0001AEE4  _do_cmd_suicide
 0001:0001B653  _do_cmd_takeoff
 0001:000B11CB  _do_cmd_throw
 0001:00015E6D  _do_cmd_toggle_stealth
 0001:00016D9A  _do_cmd_tunnel
 0001:0001B0A2  _do_cmd_uninscribe
 0001:0001D987  _do_cmd_use_any
 0001:0001D829  _do_cmd_use_staff
 0001:0001DEEC  _do_cmd_use_staff_discharge
 0001:0005DAAC  _do_cmd_view_map
 0001:000186E1  _do_cmd_walk
 0001:0001B749  _do_cmd_wield
 0001:0005DABE  _do_cmd_wild_map
 0001:0001D85E  _do_cmd_zap_rod
 0001:0001DF09  _do_cmd_zap_rod_end
 0001:00085BB3  _do_curse_effect
 0001:0009A50C  _do_fixed_powers
 0001:000731C9  _do_mon_spell
 0001:000A4E41  _do_randart
 0001:000A4E93  _do_randart_name
 0001:000C0061  _drain_mana
 0001:000AF984  _drain_xp
 0001:000D8302  _draw_path
 0001:000D6DB7  _draw_path_grid
 0001:00043B26  _draw_rectangle
 0001:0009E80A  _drop_near
 0001:000AFA71  _drop_weapon
 0001:0004B90E  _dump_history
 0001:000BDE38  _dump_save
 0001:00020893  _dump_spells
 0003:0000F2E8  _dun
 0001:000BDFAA  _dungeon_change_level
 0001:000BDEC4  _dungeon_get_next_level
 0002:0003B9AC  _dungeon_info_parser
 0001:000DBB3D  _dungeon_list
 0002:0003B61C  _dungeons
 0001:00035D2A  _dusk_or_dawn
 0001:000CFE1F  _dynamic_town
 0003:0000A8B0  _e_info
 0001:000B43CD  _earlier_object
 0001:0009734F  _easy_know
 0001:000AF871  _eat_fud
 0002:0001D358  _eff_parser
 0001:0003565A  _effect_aim
 0001:000356CD  _effect_desc
 0001:0003598F  _effect_do
 0001:000356A7  _effect_info
 0001:000356F3  _effect_lookup
 0001:00035C1F  _effect_simple
 0001:00035737  _effect_subtype
 0001:0009A962  _ego_apply_magic
 0001:000085FF  _ego_has_ignore_type
 0002:0002AAF0  _ego_parser
 0001:000B9520  _end_quest
 0001:000D0C78  _enter_score
 0001:0000436C  _equip_describe
 0001:000972CE  _equip_learn_after_time
 0001:000971E8  _equip_learn_element
 0001:000970F1  _equip_learn_flag
 0001:00096ECB  _equip_learn_on_defend
 0001:0009707F  _equip_learn_on_melee_attack
 0001:00096F13  _equip_learn_on_ranged_attack
 0001:000042D2  _equip_mention
 0001:00004279  _equipped_item_by_slot_name
 0001:000044D4  _equipped_item_slot
 0002:0000752C  _errr_tmp
 0001:0001D0FC  _execute_effect
 0001:00039631  _exit_game_panic
 0001:0000A1CB  _expression_add_operations_string
 0001:00009FB9  _expression_copy
 0001:0000A0A4  _expression_evaluate
 0001:00009F83  _expression_free
 0001:00009F1D  _expression_new
 0001:0000A097  _expression_set_base_value
 0001:0000A39A  _expression_test_copy
 0003:0000F254  _f_info
 0001:0000FB52  _feat_is_bright
 0001:0000FB80  _feat_is_fiery
 0001:0000F9E2  _feat_is_floor
 0001:0000F8F0  _feat_is_magma
 0001:0000FA6C  _feat_is_monster_walkable
 0001:0000FBAE  _feat_is_no_flow
 0001:0000FBDC  _feat_is_no_scent
 0001:0000FA3E  _feat_is_object_holding
 0001:0000FAC8  _feat_is_passable
 0001:0000FAF6  _feat_is_projectable
 0001:0000F91E  _feat_is_quartz
 0001:0000FA9A  _feat_is_shop
 0001:0000FC0A  _feat_is_smooth
 0001:0000FB24  _feat_is_torch
 0001:0000FA10  _feat_is_trap_holding
 0001:0000F94C  _feat_is_treasure
 0001:0000F9B4  _feat_is_wall
 0001:0000FE01  _feat_ishomedoor
 0001:0000FE97  _feat_ismetamap
 0001:0000FE2F  _feat_isperm
 0001:0000FC9E  _feat_isprefixed
 0001:0000FC38  _feat_issafefloor
 0001:0000FC66  _feat_isterrain
 0001:0000FD33  _feat_order_special
 0001:0000FDD1  _feat_pseudo
 0003:0001B590  _feat_x_attr
 0003:0001B594  _feat_x_char
 0001:0000A7EA  _file_close
 0001:0000A5CC  _file_delete
 0001:0000A65E  _file_exists
 0001:0000AAFC  _file_flush
 0001:0000A959  _file_getl
 0001:0000A894  _file_lock
 0001:0000A605  _file_move
 0001:0000A6A7  _file_newer
 0001:0000A6F9  _file_open
 0001:0000AA6B  _file_put
 0001:0000AA88  _file_putf
 0001:0000A8FD  _file_read
 0001:0000A8BD  _file_readc
 0001:0000AB1C  _file_rewind
 0001:0000A89E  _file_skip
 0001:0000AB0C  _file_tell
 0001:0000A819  _file_temp
 0001:0000A899  _file_unlock
 0001:0000AAB9  _file_vputf
 0001:0000A936  _file_write
 0001:0000A8E7  _file_writec
 0001:000BB0B4  _fill_beam_info
 0001:0000E0F0  _fill_dirt
 0001:000D5789  _fill_prevent_inscription
 0001:00043AA4  _fill_rectangle
 0001:000768C9  _find_any_nearby_injured_kin
 0001:0004A102  _find_empty
 0001:0004BB61  _find_house
 0001:0004A11A  _find_nearby_grid
 0001:0002A153  _fire_ball
 0001:00008EC7  _flag_copy
 0001:00008B7E  _flag_count
 0001:00008F85  _flag_diff
 0001:00008A08  _flag_has
 0001:00008A80  _flag_has_dbg
 0001:00008F32  _flag_inter
 0001:00008BD5  _flag_is_empty
 0001:00008CAF  _flag_is_equal
 0001:00008C07  _flag_is_full
 0001:00008C39  _flag_is_inter
 0001:00008C73  _flag_is_subset
 0001:000A5113  _flag_message
 0001:00008E99  _flag_negate
 0001:00008B1F  _flag_next
 0001:00008DED  _flag_off
 0001:00008CCC  _flag_on
 0001:00008D49  _flag_on_dbg
 0001:00008E81  _flag_setall
 0001:00008EDD  _flag_union
 0001:00008E6C  _flag_wipe
 0001:00009122  _flags_clear
 0001:00009290  _flags_init
 0001:000092E5  _flags_mask
 0001:000091DA  _flags_set
 0001:00008FDA  _flags_test
 0001:0000907E  _flags_test_all
 0001:000A76E8  _flavor_init
 0003:0001B5A0  _flavor_x_attr
 0003:0001B5A4  _flavor_x_char
 0003:000131E8  _flavors
 0001:0009E3F8  _floor_add
 0001:0009E262  _floor_carry
 0001:0009DEA1  _floor_object_for_use
 0001:000D6E68  _flush_path_grid
 0001:000C0B09  _forbid_entrance_strong
 0001:000C0A9F  _forbid_entrance_weak
 0001:000CFDA8  _forbid_special
 0001:000CFDD1  _forbid_town
 0001:0000B47F  _format
 0001:00035DA9  _frame_energy
 0001:000A4FAB  _free_artifact
 0001:0000783E  _free_effect
 0001:000D5A69  _free_header_icky
 0001:000D59E5  _free_info_icky
 0001:000D05E4  _free_input
 0001:000ABB70  _free_players
 0001:000DBF50  _free_wild_info
 0001:0009C9A9  _fuel_default
 0001:0000D950  _fully_update_flow
 0001:0000C326  _func_failure
 0001:0000C335  _func_false
 0001:0000C310  _func_nothing
 0001:0000C31C  _func_problem
 0001:0000C315  _func_success
 0001:0000C32E  _func_true
 0003:0000A8D8  _gamma_table
 0001:000876D6  _gear_excise_object
 0001:000877B1  _gear_insert_end
 0001:0008779D  _gear_last_item
 0001:000877CA  _gear_object_for_use
 0001:00004406  _gear_to_label
 0001:00043A2B  _generate_mark
 0002:00014E2C  _generate_module
 0001:000442C5  _generate_starburst_room
 0001:0000CEA0  _get_account
 0002:000162E0  _get_angle_to_grid
 0001:000A4F4E  _get_artifact_level
 0001:00089181  _get_autoinscription
 0001:000A6C11  _get_bow_brand
 0001:000A6A54  _get_brand
 0001:0004367B  _get_chamber_monsters
 0001:0005C381  _get_color
 0001:000780C0  _get_connection
 0001:0005F9B3  _get_cut
 0001:000D60CD  _get_diff
 0001:000BFD06  _get_dragon_form
 0001:000D606F  _get_dtrap
 0001:000DBAF1  _get_dungeon
 0001:0006A037  _get_global_lore
 0001:000D60DB  _get_grade
 0001:000D5A4A  _get_header
 0001:000D59A2  _get_info
 0001:000A7487  _get_item
 0001:000D597B  _get_last_info_line
 0001:0006A12C  _get_lore
 0001:000D6039  _get_melee_skill
 0001:00062288  _get_mon_name
 0001:0006B3CF  _get_mon_num
 0001:0006B6D2  _get_mon_num_poly
 0001:0006AFC3  _get_mon_num_prep
 0001:000DC892  _get_neighbor
 0001:000A3BF5  _get_new_esp
 0001:0000817B  _get_next_incarnation
 0001:0009C1CC  _get_obj_num
 0001:000A839E  _get_object_info
 0001:000A86B2  _get_owner_id
 0001:000780DF  _get_player_index
 0001:000BFB1F  _get_player_num
 0001:0004C698  _get_player_store_name
 0001:000D5DD0  _get_plusses
 0001:000A6AB1  _get_poly_brand
 0001:0009A62C  _get_power_descs
 0001:000081CE  _get_previous_incarnation
 0001:000C7F57  _get_race
 0001:000D6054  _get_ranged_skill
 0001:0004B6E1  _get_real_time
 0001:000D5DA2  _get_speed
 0001:000B9BAE  _get_spell_info
 0001:0005FA6E  _get_stun
 0001:000D5D3E  _get_title
 0001:000DB8D9  _get_town
 0001:000DEE33  _get_town_file
 0001:000A8028  _get_use_device_chance
 0001:00043526  _get_vault_monsters
 0001:000DB705  _get_wt_info_at
 0001:00000743  _grab_base_and_int
 0001:0004CA54  _grab_effect_data
 0001:00000819  _grab_flag
 0001:00000667  _grab_index_and_int
 0001:000005CD  _grab_int_value
 0001:000007B1  _grab_name
 0001:000004F1  _grab_rand_value
 0001:0005C63B  _grid_data_as_text
 0001:000D6CCD  _grid_desc
 0001:00049F28  _grid_to_i
 0001:00002494  _guid_eq
 0001:000B7456  _handle_stuff
 0001:000BF929  _has_bowbrand
 0001:000C0945  _has_energy
 0001:0004C0E3  _has_home_inventory
 0001:000A8B18  _has_level_req
 0001:000B70BC  _health_track
 0001:000D0733  _highscore_add
 0001:000D0614  _highscore_read
 0001:000D06BB  _highscore_where
 0003:0001BDCC  _hints
 0001:000B77FF  _history_add
 0001:000B769F  _history_add_full
 0001:000B7D57  _history_add_unique
 0001:000B7661  _history_clear
 0001:000B7A49  _history_find_artifact
 0001:000B7B46  _history_generate_artifact
 0001:000B7C17  _history_lose_artifact
 0001:000B7DB3  _history_unmask_unknown
 0001:000D9A56  _hit_trap
 0001:000D25AC  _home_carry
 0001:0004BC6E  _house_add
 0001:0004C17B  _house_dump
 0001:0004C979  _house_extend
 0001:0004C33B  _house_get
 0001:0004B9BA  _house_inside
 0001:0004BEC3  _house_list
 0001:0004C788  _house_near
 0001:0004BA3D  _house_owned_by
 0001:0004BD07  _house_set
 0001:0004B9B0  _houses_count
 0001:0004B99F  _houses_free
 0001:0004B97C  _houses_init
 0001:0004BA9F  _houses_owned
 0001:000BFA7F  _hp_player
 0001:000BF9A1  _hp_player_safe
 0001:0000C818  _ht_add
 0001:0000C885  _ht_cmp
 0001:0000C7FD  _ht_copy
 0001:0000C74E  _ht_diff
 0001:0000C8D8  _ht_div
 0001:0000C852  _ht_reset
 0001:0000C7AA  _ht_show
 0001:0000C866  _ht_zero
 0001:00049F3B  _i_to_grid
 0001:000890FC  _ignore_drop
 0001:000890DC  _ignore_item_ok
 0001:00088EE8  _ignore_level_of
 0002:00027E68  _ignore_module
 0001:00073527  _ignore_spells
 0001:0000858D  _ignore_type_of
 0001:00005B9E  _ignored
 0001:000A642C  _improve_attack_modifier
 0001:000DB8C3  _in_base_town
 0001:000A96EC  _in_party
 0001:000DB8A0  _in_start_town
 0001:000DB925  _in_town
 0001:000DB969  _in_wild
 0001:0009A3F8  _inc_power
 0001:0009A49B  _inc_resist
 0001:000528B0  _init_angband
 0001:0004CDC2  _init_file_paths
 0001:00089177  _init_ignore
 0001:000ABEDE  _init_player
 0001:000ABB5B  _init_players
 0001:0009A2F2  _init_powers
 0001:000A4EE3  _init_randart_generator
 0001:00073972  _init_spells
 0001:000DBD77  _init_wild_info
 0001:000D0221  _install_input
 0001:000D009F  _install_timeout
 0001:000CFFB7  _install_timer_tick
 0001:00087C7F  _inven_carry
 0001:00087A47  _inven_carry_num
 0001:00087C10  _inven_carry_okay
 0001:000C7CAC  _inven_damage
 0001:00088465  _inven_drop
 0001:00087B8C  _inven_drop_okay
 0001:00087C2F  _inven_item_charges
 0001:000882E4  _inven_takeoff
 0001:0008804D  _inven_wield
 0001:0000C6FD  _is_a_vowel
 0001:00071DB4  _is_closest
 0001:00035CEC  _is_daytime
 0001:00077E73  _is_half_humanoid
 0001:00077E51  _is_humanoid
 0001:000847F2  _is_locked_chest
 0001:000A8AD2  _is_owner
 0001:000A9712  _is_party_owner
 0001:000B8BAD  _is_quest
 0001:000B912F  _is_quest_active
 0001:000739B6  _is_spell_summon
 0001:000847BC  _is_trapped_chest
 0001:000A7DE5  _is_unknown
 0001:000A7E05  _is_unknown_money
 0001:000889DC  _item_tester_hook_wear
 0003:0000A8AC  _k_info
 0003:000131E0  _kb_info
 0003:0000F75C  _kin_base
 0001:0009C071  _kind_is_good
 0001:000A87BE  _kind_is_good_other
 0003:0001B588  _kind_x_attr
 0003:0001B58C  _kind_x_char
 0001:00039199  _kingly
 0001:0004C507  _know_houses
 0001:0003E11A  _labyrinth_gen
 0001:0001EF04  _leave_depth
 0001:0004C00E  _level_has_owned_houses
 0001:000391EF  _level_keep_allocated
 0001:0000F133  _light_room
 0001:000082D1  _likert
 0002:00016DE0  _list_element_names
 0002:00016D18  _list_obj_flag_names
 0001:000D854A  _load_path
 0001:000CF838  _load_player
 0001:00053502  _load_server_cfg
 0001:000CFC4F  _load_server_info
 0001:0000C13E  _loc_between
 0001:0000BFB9  _loc_copy
 0001:0000C024  _loc_diff
 0001:0000BFD4  _loc_eq
 0001:0000BFA3  _loc_init
 0001:0000BF84  _loc_is_zero
 0001:0000C089  _loc_iterator_first
 0001:0000C0C0  _loc_iterator_next
 0001:0000C100  _loc_iterator_next_strict
 0001:0000BFFC  _loc_sum
 0001:0004C2BB  _location_in_house
 0002:00007528  _long_tmp
 0001:000D62F8  _look_mon_desc
 0001:000D64D4  _look_player_desc
 0001:000A91D7  _lookup_artifact_name
 0001:00084FA0  _lookup_curse
 0001:000A914A  _lookup_ego_item
 0001:0000D156  _lookup_feat
 0001:00000431  _lookup_flag
 0001:00007E5D  _lookup_kind
 0001:00007E87  _lookup_kind_by_name
 0001:00007E72  _lookup_kind_silent
 0001:000086E2  _lookup_monster
 0001:00008699  _lookup_monster_base
 0001:000A4FE8  _lookup_obj_property
 0001:000AA78D  _lookup_player
 0001:000AA7D6  _lookup_player_by_name
 0001:00008481  _lookup_player_class
 0001:000C0A64  _lookup_player_race
 0001:000088EA  _lookup_realm
 0001:00007D3F  _lookup_sval
 0001:00007D54  _lookup_sval_silent
 0001:0000893A  _lookup_trap
 0001:0006911C  _lore_append_abilities
 0001:00069C4B  _lore_append_attack
 0001:00069742  _lore_append_awareness
 0001:00068EBE  _lore_append_drop
 0001:00068C9A  _lore_append_exp
 0001:00068642  _lore_append_flavor
 0001:00069813  _lore_append_friends
 0001:00068340  _lore_append_kills
 0001:0006868F  _lore_append_movement
 0001:000698DC  _lore_append_spells
 0001:00068ACA  _lore_append_toughness
 0001:0006A2BC  _lore_description
 0001:00067BB0  _lore_do_probe
 0001:00067C19  _lore_is_fully_known
 0001:00067979  _lore_learn_flag_if_visible
 0001:0006790B  _lore_learn_spell_if_has
 0001:00067950  _lore_learn_spell_if_visible
 0001:00067D2E  _lore_treasure
 0001:000679A2  _lore_update
 0001:00013BBA  _los
 0001:0000BA26  _m_bonus
 0001:0000BA97  _m_bonus_calc
 0001:0005B77F  _main
 0001:0005EE04  _make_attack_normal
 0001:0005EAA9  _make_attack_spell
 0001:0009AE87  _make_fake_artifact
 0001:0009C7EA  _make_gold
 0001:0009C38D  _make_object
 0001:0009C8E8  _make_randart
 0001:0004221C  _mang_town_gen
 0001:0000E6D8  _map_info
 0001:0000DE0F  _master_build
 0001:000A9757  _master_in_party
 0002:00007FD4  _master_move_hook
 0001:0007522D  _match_monster_bases
 0001:00094B8C  _max_runes
 0001:0000C9BD  _mean
 0001:00062123  _melee_handler_for_blow_effect
 0001:0000CBE4  _mem_alloc
 0002:00007574  _mem_flags
 0001:0000CC6F  _mem_free
 0001:0000CDDB  _mem_nfree
 0001:0000CCA6  _mem_realloc
 0001:0000CC43  _mem_zalloc
 0001:0004C996  _memorize_houses
 0001:0005DF4A  _message_flush
 0001:000087D8  _message_lookup_by_name
 0001:00071F34  _message_pain
 0001:0005E46C  _meta_report
 0002:0001D344  _meth_parser
 0001:00000178  _min_version
 0001:000874C3  _minus_ac
 0001:00096EB8  _missile_learn_on_ranged_attack
 0001:0004063D  _modified_gen
 0001:00023631  _modify_panel
 0001:00008760  _modify_stat_value
 0002:0001D394  _mon_base_parser
 0001:00075030  _mon_clear_timed
 0001:0006B8AE  _mon_create_drop_count
 0001:0006C17D  _mon_create_drops
 0001:0006C1B3  _mon_create_mimicked_object
 0001:00074F5E  _mon_dec_timed
 0001:0006C7A9  _mon_hp
 0001:00074DD0  _mon_inc_timed
 0002:000200DC  _mon_make_module
 0001:00044E50  _mon_pit_hook
 0001:00043139  _mon_restrict
 0001:0007345F  _mon_spell_is_innate
 0001:00073926  _mon_spell_lore_damage
 0001:000738CA  _mon_spell_lore_description
 0002:0001D380  _mon_spell_parser
 0001:000772AD  _mon_take_hit
 0001:000748F8  _mon_timed_name_to_idx
 0001:0009C74F  _money_kind
 0001:000B74B0  _monk_armor_ok
 0001:00072A5D  _monmsg_cleanup
 0001:00072A30  _monmsg_init
 0001:0005FB54  _monster_blow_method_action
 0001:00076018  _monster_carry
 0001:00076B94  _monster_death
 0001:00062357  _monster_desc
 0001:0006D82B  _monster_drop_carried
 0001:0006D9C4  _monster_drop_corpse
 0001:00075137  _monster_effect_accuracy
 0001:000750C5  _monster_effect_level
 0001:00067DCE  _monster_flags_known
 0001:0006D755  _monster_give_xp
 0001:00072D76  _monster_has_non_innate_spells
 0001:00072D52  _monster_has_spirit
 0001:0006E26A  _monster_hates_grid
 0001:00072C58  _monster_is_camouflaged
 0001:00072ADE  _monster_is_destroyed
 0001:00072CFC  _monster_is_evil
 0001:00072C08  _monster_is_in_view
 0001:00072CB0  _monster_is_invisible
 0001:00072D38  _monster_is_living
 0001:00072C90  _monster_is_mimicking
 0001:00072D20  _monster_is_nonevil
 0001:00072AA2  _monster_is_nonliving
 0001:00072CD4  _monster_is_not_invisible
 0001:00072C63  _monster_is_obvious
 0001:00072BE6  _monster_is_powerful
 0001:00072B80  _monster_is_smart
 0001:00072B5E  _monster_is_stupid
 0001:00072A80  _monster_is_undead
 0001:00072B3C  _monster_is_unique
 0001:00072C30  _monster_is_visible
 0001:000DB78D  _monster_level
 0001:000664C4  _monster_list_collect
 0001:00066857  _monster_list_entry_line_color
 0001:00066397  _monster_list_finalize
 0001:00066354  _monster_list_free
 0001:00066387  _monster_list_init
 0001:000662E8  _monster_list_new
 0001:00066403  _monster_list_reset
 0001:000663AB  _monster_list_shared_instance
 0001:00067035  _monster_list_show_interactive
 0001:00066FB4  _monster_list_show_subwindow
 0001:000667F9  _monster_list_sort
 0001:00066762  _monster_list_standard_compare
 0002:0001D3A8  _monster_parser
 0001:00072AFE  _monster_passes_walls
 0001:000B7101  _monster_race_track
 0001:000C7AD1  _monster_set_master
 0001:0007313B  _monster_spell_by_index
 0003:0000F740  _monster_spells
 0001:000760DF  _monster_swap
 0001:0007738C  _monster_take_terrain_damage
 0003:0001B580  _monster_x_attr
 0003:0001B584  _monster_x_char
 0001:00040F88  _moria_gen
 0001:0000D070  _motion_dir
 0001:000238AF  _move_energy
 0001:000177B2  _move_player
 0001:0005DBB9  _msg
 0001:0005DB79  _msg_all
 0001:0005DB24  _msg_broadcast
 0001:0005DF5E  _msg_channel
 0001:0005DCC1  _msg_format_complex_far
 0001:0005DC7A  _msg_format_complex_near
 0001:0005DE8E  _msg_format_near
 0001:0005DF24  _msg_print
 0001:0005DBFA  _msg_print_complex_near
 0001:0005DDD5  _msg_print_near
 0001:0005DED2  _msgt
 0001:0006F7FE  _multiply_monster
 0001:0000AD57  _my_dclose
 0001:0000AC47  _my_dopen
 0001:0000ACA7  _my_dread
 0001:0000C575  _my_strcap
 0001:0000C52E  _my_strcat
 0001:0000C4DA  _my_strcpy
 0001:0000C3ED  _my_stricmp
 0001:0000C903  _my_stristr
 0001:0000C45B  _my_strnicmp
 0003:0000A87C  _name_sections
 0001:0004A417  _new_player_spot
 0001:0000D136  _next_grid
 0001:00014B59  _no_light
 0001:0000D8EB  _note_viewable_changes
 0001:000B7253  _notice_stuff
 0001:000D5B7C  _notify_player
 0001:000D5AFA  _notify_player_popup
 0002:0003B620  _num_arenas
 0003:0000A878  _num_names
 0001:000A81CC  _number_charging
 0001:0008BD2A  _obj_can_aim
 0001:000B43B8  _obj_can_browse
 0001:000A7FF8  _obj_can_fail
 0001:000A82B4  _obj_can_takeoff
 0001:00004510  _obj_can_wear
 0001:00007A87  _obj_desc_name_format
 0001:000B434E  _obj_kind_can_browse
 0002:0002D5E0  _obj_make_module
 0001:000A82F1  _obj_needs_aim
 0003:000131D4  _obj_properties
 0001:0009DB78  _object_absorb
 0001:0009DAD0  _object_absorb_partial
 0001:000977F0  _object_all_but_flavor_is_known
 0001:000A6D10  _object_attr
 0001:000A8B68  _object_audit
 0002:0002AA78  _object_base_parser
 0001:000A6D25  _object_char
 0001:00097A15  _object_check_for_ident
 0001:0009DBF8  _object_copy
 0001:0009DD51  _object_copy_amt
 0001:0009D2A9  _object_delete
 0001:00086DB0  _object_desc
 0001:000A7FC0  _object_effect
 0001:00095212  _object_effect_is_known
 0001:0009588E  _object_element_is_known
 0001:000A7C84  _object_elements
 0001:0009581D  _object_flag_is_known
 0001:000A796C  _object_flags
 0001:000A78FA  _object_flags_aux
 0001:000A799B  _object_flags_known
 0001:00097566  _object_flavor_aware
 0001:00097386  _object_flavor_is_aware
 0001:0009757B  _object_flavor_tried
 0001:000973C1  _object_flavor_was_tried
 0001:0009D26E  _object_free
 0001:000A907E  _object_from_index
 0001:0009570D  _object_fully_known
 0001:00095262  _object_has_standard_to_h
 0001:000985E6  _object_id_set_aware
 0001:0008D29A  _object_info
 0001:0008D2B0  _object_info_chardump
 0001:00087224  _object_is_carried
 0001:000042A8  _object_is_equipped
 0001:00088FB9  _object_is_ignored
 0001:000979A6  _object_is_known
 0001:0009523F  _object_is_known_artifact
 0001:000A6C90  _object_kind_attr
 0001:000A6CD0  _object_kind_char
 0001:00007C23  _object_kind_name
 0001:000B96F7  _object_kind_to_book
 0001:00097B5A  _object_know_all_elements
 0001:00097B1B  _object_know_all_flags
 0001:00097B82  _object_know_brands_and_slays
 0001:00097C67  _object_know_curses
 0001:00098431  _object_know_everything
 0001:00096DF8  _object_learn_brand
 0001:00096CD7  _object_learn_on_use
 0001:000968C1  _object_learn_on_wield
 0001:00096D52  _object_learn_slay
 0001:00096898  _object_learn_unknown_rune
 0001:000DB80C  _object_level
 0001:000988C7  _object_list_collect
 0001:00098CEE  _object_list_entry_line_attribute
 0001:000987A8  _object_list_finalize
 0001:00098D70  _object_list_format_name
 0001:00098765  _object_list_free
 0001:00098798  _object_list_init
 0001:0009870C  _object_list_new
 0001:000987FD  _object_list_reset
 0001:000987BC  _object_list_shared_instance
 0001:0009972A  _object_list_show_interactive
 0001:000996AE  _object_list_show_subwindow
 0001:00098CA4  _object_list_sort
 0001:00098C46  _object_list_standard_compare
 0001:000A9006  _object_marked_aware
 0001:000945A0  _object_match_inscription
 0001:000A7A84  _object_modifiers
 0001:0009D25E  _object_new
 0001:00097898  _object_non_curse_runes_known
 0001:0009817A  _object_notice_attack_plusses
 0001:000980BF  _object_notice_defence_plusses
 0001:0009806D  _object_notice_effect
 0001:00097DFC  _object_notice_ego
 0001:00098348  _object_notice_element
 0001:00097DE5  _object_notice_everything
 0001:00097DA6  _object_notice_everything_aux
 0001:00098398  _object_notice_flag
 0001:00098411  _object_notice_sensing
 0001:0009D79B  _object_origin_combine
 0001:000A8CD1  _object_own
 0002:0002AADC  _object_parser
 0001:0009D32A  _object_pile_free
 0001:000A03E8  _object_power
 0002:0002AB2C  _object_power_parser
 0001:0009B8AA  _object_prep
 0001:000944F9  _object_prevent_inscription
 0002:0002AB18  _object_property_parser
 0001:000955D3  _object_runes_known
 0001:00095A20  _object_sense
 0001:00095934  _object_set_base_known
 0001:00007D69  _object_short_name
 0001:0009D746  _object_similar
 0001:0009DE12  _object_split
 0001:0009D35F  _object_stackable
 0001:00008407  _object_test
 0001:000A7C12  _object_to_a
 0001:000B9801  _object_to_book_index
 0001:000A7BA0  _object_to_d
 0001:000A7B2E  _object_to_h
 0001:000A07AB  _object_value
 0001:000A0547  _object_value_real
 0001:000983F7  _object_was_sensed
 0001:000979FB  _object_was_worn
 0001:0009DBE1  _object_wipe
 0001:0000461B  _option_desc
 0001:00004687  _option_init
 0001:00004600  _option_name
 0001:00004651  _option_normal
 0003:00000834  _option_page
 0001:0000466C  _option_server
 0001:00004636  _option_type
 0001:000C2DA1  _origin_get_loc
 0001:000888A0  _pack_overflow
 0003:0000F73C  _pain_messages
 0002:0001D36C  _pain_parser
 0001:000D7000  _panel_contains
 0001:0000033A  _parse_file
 0001:00000309  _parse_file_quit_not_found
 0001:0000584B  _parser_destroy
 0002:000000F4  _parser_error_str
 0001:00005E2F  _parser_getchar
 0001:00005C9C  _parser_getint
 0001:00005DBC  _parser_getrand
 0001:00005E8F  _parser_getstate
 0001:00005D5C  _parser_getstr
 0001:00005C3C  _parser_getsym
 0001:00005CFC  _parser_getuint
 0001:00005BA5  _parser_hasval
 0001:00004EF0  _parser_new
 0001:000052F6  _parser_parse
 0001:00005717  _parser_priv
 0001:00005A8B  _parser_reg
 0001:00005725  _parser_setpriv
 0001:00005ECE  _parser_setstate
 0003:00013570  _parties
 0001:000A9EDA  _party_exp_gain
 0001:000A9D17  _party_leave
 0001:000A9E37  _party_msg_format
 0001:000AA6AC  _party_msg_near
 0001:000A9E76  _party_share_with
 0001:0000A4D3  _path_build
 0001:0006D4F5  _pick_and_place_distant_monster
 0001:0006D4B4  _pick_and_place_monster
 0001:00027404  _pick_arena
 0001:0004BAEC  _pick_house
 0001:0009D22D  _pile_contains
 0001:0009D10E  _pile_excise
 0001:0009D041  _pile_insert
 0001:0009D0A5  _pile_insert_end
 0003:00012D50  _pile_kind
 0001:0009D1EE  _pile_last_item
 0003:0000F2DC  _pit_info
 0002:0001D3BC  _pit_parser
 0001:0004A9DC  _place_closed_door
 0001:0004A937  _place_gold
 0001:0006C454  _place_monster
 0001:0006D2F1  _place_new_monster
 0001:0004A845  _place_object
 0001:0004AA13  _place_random_door
 0001:0004A7FF  _place_random_stairs
 0001:0004A9C3  _place_secret_door
 0001:000D95D3  _place_trap
 0001:000394B7  _play_game
 0001:000B3065  _player_birth
 0001:0000855B  _player_bmax
 0001:000BF52F  _player_book_has_unlearned_spells
 0001:000BF31A  _player_can_cast
 0001:000ACB4E  _player_cave_clear
 0001:000ACA33  _player_cave_free
 0001:000ABD5A  _player_cave_new
 0001:000BEC14  _player_check_terrain_damage
 0001:000BD3CA  _player_clear_timed
 0001:000084BC  _player_cmax
 0001:000BEE6B  _player_confuse_dir
 0001:00022DD8  _player_death
 0001:000ABBC6  _player_death_info
 0001:000BD31B  _player_dec_timed
 0001:0007539C  _player_desc
 0001:000C0406  _player_digest
 0001:00022CA9  _player_dump
 0001:000211F3  _player_elements
 0001:0000883E  _player_embody
 0001:000AB1E7  _player_exp_gain
 0001:000AB21D  _player_exp_lose
 0001:000AAB57  _player_expiry
 0001:000AB257  _player_flags
 0001:000ABB81  _player_get
 0001:000A62CD  _player_has_temporary_brand
 0001:000A63C8  _player_has_temporary_slay
 0003:0001B578  _player_id
 0001:00008446  _player_id2class
 0001:000084EE  _player_id2race
 0001:000AA971  _player_id_count
 0001:000AA9CD  _player_id_list
 0001:000A96D3  _player_in_party
 0001:000BD06F  _player_inc_check
 0001:000BD2FB  _player_inc_timed
 0001:000BD19B  _player_inc_timed_aux
 0001:000C0A4D  _player_is_at
 0001:000BF300  _player_is_immune
 0001:000C0B60  _player_is_in_view
 0001:000C0BAE  _player_is_invisible
 0001:000C0BEC  _player_is_living
 0001:000C0BC4  _player_is_not_invisible
 0001:000BEEEF  _player_is_resting
 0001:000C0C02  _player_is_trapsafe
 0001:000C0B87  _player_is_visible
 0001:0009EDCB  _player_know_floor
 0001:00095AAF  _player_know_object
 0001:0009500A  _player_knows_brand
 0001:0009503E  _player_knows_curse
 0001:00095060  _player_knows_ego
 0001:00094BAA  _player_knows_rune
 0001:00095024  _player_knows_slay
 0001:00096795  _player_learn_everything
 0001:0009644D  _player_learn_flag
 0001:0009646D  _player_learn_innate
 0001:000A964C  _player_lookup
 0001:000B9784  _player_object_to_book
 0001:000BF28F  _player_of_has
 0001:000BE948  _player_over_exert
 0001:0007292C  _player_pain
 0001:0001E9A7  _player_pickup_item
[...]
 0001:000CE36A  _wr_houses
 0001:000CE417  _wr_arenas
 0001:000CE457  _wr_wilderness
 0001:000CE4C6  _wr_player_names
 0001:000CE554  c116_0
 0001:000CE6B8  _wr_byte
 0001:000CE6C7  _wr_u16b
 0001:000CE6E9  _wr_s16b
 0001:000CE6F9  _wr_u32b
 0001:000CE739  _wr_s32b
 0001:000CE747  _wr_hturn
 0001:000CE763  _wr_loc
 0001:000CE781  _wr_string
 0001:000CE7AB  _rd_byte
 0001:000CE7BA  _rd_bool
 0001:000CE7D3  _rd_u16b
 0001:000CE7FA  _rd_s16b
 0001:000CE808  _rd_u32b
 0001:000CE850  _rd_s32b
 0001:000CE85E  _rd_hturn
 0001:000CE89B  _rd_loc
 0001:000CE8CB  _rd_string
 0001:000CE90E  _strip_bytes
 0001:000CE92C  _strip_string
 0001:000CEBA0  _save_player
 0001:000CEDD1  _save_dungeon_special
 0001:000CEEA7  _save_server_info
 0001:000CF4CA  _savefile_get_description
 0001:000CF838  _load_player
 0001:000CF89A  _scoop_player
 0001:000CFC4F  _load_server_info
 0001:000CFD13  _special_level
 0001:000CFD6D  _special_town
 0001:000CFDA8  _forbid_special
 0001:000CFDD1  _forbid_town
 0001:000CFDFA  _random_level
 0001:000CFE1F  _dynamic_town
 0001:000CFE8C  c117_0
 0001:000CFFB7  _install_timer_tick
 0001:000D009F  _install_timeout
 0001:000D0141  _remove_timeout
 0001:000D0221  _install_input
 0001:000D0368  _remove_input
 0001:000D0444  _sched
 0001:000D05E4  _free_input
 0001:000D05F5  _remove_timer_tick
 0001:000D0614  c118_0
 0001:000D0614  _highscore_read
 0001:000D06BB  _highscore_where
 0001:000D0733  _highscore_add
 0001:000D09BD  _build_score
 0001:000D0C78  _enter_score
 0001:000D0D0F  _total_points
 0001:000D0D20  c119_0
 0001:000D10B8  _do_cmd_knowledge_scores
 0001:000D123C  c120_0
 0001:000D123C  _store_at
 0001:000D1B07  _store_reset
 0001:000D1E4A  _price_item
 0001:000D23C1  _store_stock_list
 0001:000D25AC  _home_carry
 0001:000D26A0  _store_carry
 0001:000D332E  _store_update
 0001:000D33CF  _store_ownerbyidx
 0001:000D345F  _store_shuffle
 0001:000D4068  _do_cmd_buy
 0001:000D463B  _do_cmd_retrieve
 0001:000D47AC  _store_will_buy_tester
 0001:000D47E1  _do_cmd_sell
 0001:000D4A15  _do_cmd_stash
 0001:000D4C58  _store_confirm
 0001:000D4E84  _store_examine
 0001:000D514C  _store_order
 0001:000D52E9  _do_cmd_store
 0001:000D553C  _check_store_drop
 0001:000D5587  _player_price_item
 0001:000D56F8  _store_cancel_order
 0001:000D571B  _store_get_order
 0001:000D5760  c121_0
 0001:000D5760  _color_attr_to_char
 0001:000D5789  _fill_prevent_inscription
 0001:000D5809  _update_prevent_inscriptions
 0001:000D5888  _alloc_info_icky
 0001:000D597B  _get_last_info_line
 0001:000D59A2  _get_info
 0001:000D59E5  _free_info_icky
 0001:000D5A12  _alloc_header_icky
 0001:000D5A4A  _get_header
 0001:000D5A69  _free_header_icky
 0001:000D5A94  _set_ghost_flag
 0001:000D5AFA  _notify_player_popup
 0001:000D5B7C  _notify_player
 0001:000D5CEA  _player_poss
 0001:000D5D14  _player_self
 0001:000D5D3E  _get_title
 0001:000D5DA2  _get_speed
 0001:000D5DD0  _get_plusses
 0001:000D6039  _get_melee_skill
 0001:000D6054  _get_ranged_skill
 0001:000D606F  _get_dtrap
 0001:000D60CD  _get_diff
 0001:000D60DB  _get_grade
 0001:000D60F1  _strrep
 0001:000D6169  _strrepall
 0001:000D61C4  _clean_name
 0001:000D6248  c122_0
 0001:000D62F8  _look_mon_desc
 0001:000D64D4  _look_player_desc
 0001:000D662C  _target_able
 0001:000D673B  _target_okay
 0001:000D6807  _target_set_monster
 0001:000D689E  _target_set_location
 0001:000D6955  _cmp_distance
 0001:000D6A6B  _target_pick
 0001:000D6B8D  _target_accept
 0001:000D6CCD  _grid_desc
 0001:000D6D7E  _target_get
 0001:000D6D97  _target_equals
 0001:000D6DB7  _draw_path_grid
 0001:000D6E68  _flush_path_grid
 0001:000D7000  _panel_contains
 0001:000D7063  _target_get_monsters
 0001:000D7267  _target_set_closest
 0001:000D73C8  c123_0
 0001:000D73C8  _target_display_help
 0001:000D8302  _draw_path
 0001:000D854A  _load_path
 0001:000D8664  _target_set_interactive
 0001:000D9258  _square_trap_specific
 0001:000D9258  c124_0
 0001:000D92B0  _square_trap_flag
 0001:000D93EB  _square_player_trap_allowed
 0001:000D95D3  _place_trap
 0001:000D970D  _square_free_trap
 0001:000D974C  _square_reveal_trap
 0001:000D9953  _trap_check_hit
 0001:000D9978  _trap_msg_death
 0001:000D9A56  _hit_trap
 0001:000D9F1A  _square_remove_all_traps
 0001:000D9FE6  _square_remove_trap
 0001:000DA0D7  _square_set_trap_timeout
 0001:000DA1D8  _square_trap_timeout
 0001:000DA247  _square_set_door_lock
 0001:000DA2D8  _square_door_power
 0001:000DA360  c125_0
 0001:000DB705  _get_wt_info_at
 0001:000DB78D  _monster_level
 0001:000DB80C  _object_level
 0001:000DB86D  _surface_of_dungeon
 0001:000DB893  _start_wpos
 0001:000DB8A0  _in_start_town
 0001:000DB8B6  _base_wpos
 0001:000DB8C3  _in_base_town
 0001:000DB8D9  _get_town
 0001:000DB925  _in_town
 0001:000DB969  _in_wild
 0001:000DB98E  _town_suburb
 0001:000DB9B4  _town_area
 0001:000DB9DA  _restrict_location
 0001:000DBAF1  _get_dungeon
 0001:000DBB3D  _dungeon_list
 0001:000DBD77  _init_wild_info
 0001:000DBF50  _free_wild_info
 0001:000DC05C  _wild_cat_depth
 0001:000DC160  _wild_is_explored
 0001:000DC1A8  _wild_set_explored
 0001:000DC1D8  _wild_deserted_message
 0001:000DC518  _wild_add_monster
 0001:000DC6A4  _wild_add_crop
 0001:000DC892  _get_neighbor
 0001:000DC970  _world_index
 0001:000DEE33  _get_town_file
 0001:000DF1E1  _wilderness_gen
 0001:000DF383  _wilderness_gen_basic_layout
 0001:000DF40C  c126_0
 0001:000DF40C  _quark_add
 0001:000DF4A8  _quark_str
 0001:000DF528  _q_new
 0001:000DF528  c127_0
 0001:000DF56A  _q_len
 0001:000DF5A8  _q_push
 0001:000DF614  _q_pop
 0001:000DF685  _q_free
 0001:000DF6A0  c128_0
 0001:000DF6A0  _text_out_init
 0001:000DF724  _text_out_done_no_newline
 0001:000DF763  _text_out_done
 0001:000DF99D  _text_out
 0001:000DF9DE  _text_out_c
 0001:000DFA21  _text_lines_to_file
 0002:00000000  d1_1
 0002:00000044  ___isGUI
 0002:0000007C  ___isVCLPackage
 0002:0000007D  ___isDLL
 0002:0000008A  ___useDynamicTLS
 0002:0000008B  __TLS_index
 0002:0000008F  __TLS_index4
 0002:00000093  __hInstance
 0002:00000098  ___CPPdebugHook_segment
 0002:00000098  ___CPPdebugHook
 0002:0000009C  __PackageInfoTable
 0002:000000A4  d2_1
 0002:000000F4  d3_1
 0002:000000F4  _parser_error_str
 0002:0000072C  _cfg_fps
 0002:0000072C  d4_1
 0002:00000E24  d6_1
 0002:00000E78  _sl_errno
 0002:00000E78  d7_1
 0002:00000E7C  _sl_timeout_s
 0002:00000E80  _sl_timeout_us
 0002:00000E84  _sl_default_retries
 0002:00000E88  _sl_broadcast_enabled
 0002:00001208  d8_1
 0002:00001518  d9_1
 0002:00001E50  d10_1
 0002:00002210  d11_1
 0002:000025F0  d12_1
 0002:000027EC  d13_1
 0002:00002BB0  d15_1
 0002:00002BB0  _sex_info
 0002:00002BE0  _stat_names
 0002:00002BF4  _stat_names_reduced
 0002:00002C08  _ddx
 0002:00002C1C  _ddy
 0002:00003C64  d16_1
 0002:00003F20  _angband_color_table
 0002:00003F20  d17_1
 0002:00004320  _color_table
 0002:00007020  d18_1
 0002:000070A8  d19_1
 0002:000070E0  d20_1
 0002:00007120  d21_1
 0002:000071A8  d22_1
 0002:000071A8  _state_i
 0002:000071AC  _STATE
 0002:0000722C  _Rand_quick
 0002:00007498  d23_1
 0002:0000751C  d26_1
 0002:0000751C  _char_tmp
 0002:0000751D  _byte_tmp
 0002:00007520  _sint_tmp
 0002:00007524  _uint_tmp
 0002:00007528  _long_tmp
 0002:0000752C  _errr_tmp
 0002:00007530  _cptr_tmp
 0002:00007534  _vptr_tmp
 0002:00007538  _bool_true
 0002:00007539  _bool_false
 0002:0000753C  _cptr_null
 0002:00007540  _vptr_null
 0002:00007544  _vptr_self
 0002:00007548  _argv0
 0002:0000754C  _plog_aux
 0002:00007550  _quit_aux
 0002:00007554  _assert_aux
 0002:00007574  d27_1
 0002:00007574  _mem_flags
 0002:00007598  d28_1
 0002:000075E4  _ddd
 0002:000075E4  d29_1
 0002:000075F8  _ddgrid
 0002:00007648  _ddx_ddd
 0002:0000765A  _ddy_ddd
 0002:0000766C  _ddgrid_ddd
 0002:00007EE4  _dist_offsets_y
 0002:00007F0C  _dist_offsets_x
 0002:00007F34  _side_dirs
 0002:00007FD4  _master_move_hook
 0002:00008504  d30_1
 0002:000086C0  d31_1
 0002:0000A3F0  d32_1
 0002:0000A588  d33_1
 0002:0000A71C  d34_1
 0002:0000C3E0  d35_1
 0002:0000C610  d36_1
 0002:0000C63C  d37_1
 0002:0000D89C  d38_1
 0002:0000DB70  d39_1
 0002:0000E1BC  d40_1
 0002:0000F98C  d41_1
 0002:0001443C  d42_1
 0002:00014C70  d43_1
 0002:00014E2C  _generate_module
 0002:00015598  d44_1
 0002:00015910  d45_1
 0002:00015B9C  d46_1
 0002:00015BF8  d48_1
 0002:000162E0  _get_angle_to_grid
 0002:000162E0  d49_1
 0002:000169C0  d50_1
 0002:00016B1C  d51_1
 0002:00016BCC  d52_1
 0002:00016C7C  _cfg_report_to_meta
 0002:00016C7C  d53_1
 0002:00016C7D  _cfg_mang_meta
 0002:00016C80  _cfg_meta_address
 0002:00016C84  _cfg_meta_port
 0002:00016C88  _cfg_bind_name
 0002:00016C8C  _cfg_report_address
 0002:00016C90  _cfg_console_password
 0002:00016C94  _cfg_dungeon_master
 0002:00016C98  _cfg_secret_dungeon_master
 0002:00016C9C  _cfg_max_account_chars
 0002:00016CA0  _cfg_no_steal
 0002:00016CA1  _cfg_newbies_cannot_drop
 0002:00016CA4  _cfg_level_unstatic_chance
 0002:00016CA8  _cfg_random_artifacts
 0002:00016CAC  _cfg_retire_timer
 0002:00016CB0  _cfg_more_towns
 0002:00016CB1  _cfg_artifact_drop_shallow
 0002:00016CB2  _cfg_limit_player_connections
 0002:00016CB4  _cfg_tcp_port
 0002:00016CB8  _cfg_chardump_color
 0002:00016CBA  _cfg_pvp_hostility
 0002:00016CBC  _cfg_base_monsters
 0002:00016CBD  _cfg_extra_monsters
 0002:00016CBE  _cfg_ghost_diving
 0002:00016CBF  _cfg_console_local_only
 0002:00016CC0  _cfg_load_pref_file
 0002:00016CC4  _cfg_chardump_label
 0002:00016CC8  _cfg_preserve_artifacts
 0002:00016CCA  _cfg_safe_recharge
 0002:00016CCC  _cfg_party_sharelevel
 0002:00016CCE  _cfg_turn_based
 0002:00016CCF  _cfg_limited_esp
 0002:00016CD0  _cfg_double_purse
 0002:00016CD1  _cfg_level_req
 0002:00016CD2  _cfg_constant_time_factor
 0002:00016CD4  _cfg_limit_stairs
 0002:00016CD6  _cfg_diving_mode
 0002:00016CD8  _cfg_no_artifacts
 0002:00016CD9  _cfg_no_selling
 0002:00016CDA  _cfg_no_stores
 0002:00016CDB  _cfg_no_ghost
 0002:00016CDC  _cfg_ai_learn
 0002:00016D18  _list_obj_flag_names
 0002:00016DE0  _list_element_names
 0002:00019C00  d54_1
 0002:0001B434  d55_1
 0002:0001B8A0  d56_1
 0002:0001BA4C  d57_1
 0002:0001BF98  d58_1
 0002:0001BFB4  d59_1
 0002:0001C130  d60_1
 0002:0001C2C0  d61_1
 0002:0001CD78  d62_1
 0002:0001CF6C  _ref_race
 0002:0001CF6C  d63_1
 0002:0001CF70  _r_info_flags
 0002:0001D114  _r_info_spell_flags
 0002:0001D344  _meth_parser
 0002:0001D358  _eff_parser
 0002:0001D36C  _pain_parser
 0002:0001D380  _mon_spell_parser
 0002:0001D394  _mon_base_parser
 0002:0001D3A8  _monster_parser
 0002:0001D3BC  _pit_parser
 0002:0001EBAC  d65_1
 0002:0001ECBC  d66_1
 0002:0001FFE4  d67_1
 0002:000200D8  d68_1
 0002:000200DC  _mon_make_module
 0002:000209CC  d69_1
 0002:000210C0  ___CPPexceptionList
 0002:000210C0  d473_1
 0002:000210C4  ___exceptFlags
 0002:000210C8  ___throwFileName
 0002:000210CC  ___throwLineNumber
 0002:000210D0  ___throwExceptionName
 0002:000210D4  ___exceptStaticBuffP
 0002:000210D8  ___exceptMemAllocVars
 0002:000210DC  ___ExceptStaticXbuff
 0002:0002115C  __ExceptVarsSize
 0002:00021170  d479_0
 0002:00021170  __fmode
 0002:00021174  d481_0
 0002:00021174  __fileinfo
 0002:00021178  d489_0
 0002:00021178  __turboFloat
 0002:0002117C  d495_1
 0002:0002117C  __setargv__
 0002:00021180  __argv_expand_ptr
 0002:00021180  d497_0
 0002:00021184  d499_0
 0002:00021184  __wargv_expand_ptr
 0002:00021188  d503_0
 0002:00021188  __setenvp__
 0002:0002118C  d71_1
 0002:00021DFC  d72_1
 0002:00021F54  d73_1
 0002:00022860  d74_1
 0002:00022864  _summon_parser
 0002:00022AFC  d75_1
 0002:0002307C  d76_1
 0002:00023F60  d77_1
 0002:0002715C  d78_1
 0002:00027420  d79_1
 0002:00027578  d80_1
 0002:000279AC  d81_1
 0002:00027E54  d82_1
 0002:00027E68  _ignore_module
 0002:00027F24  d83_1
 0002:0002A9CC  d84_1
 0002:0002AA64  _projection_parser
 0002:0002AA78  _object_base_parser
 0002:0002AA8C  _slay_parser
 0002:0002AAA0  _brand_parser
 0002:0002AAB4  _curse_parser
 0002:0002AAC8  _act_parser
 0002:0002AADC  _object_parser
 0002:0002AAF0  _ego_parser
 0002:0002AB04  _artifact_parser
 0002:0002AB18  _object_property_parser
 0002:0002AB2C  _object_power_parser
 0002:0002C8B8  d85_1
 0002:0002C920  d86_1
 0002:0002C92C  _rune_module
 0002:0002D4E4  d87_1
 0002:0002D4F8  d88_1
 0002:0002D5DC  d89_1
 0002:0002D5E0  _obj_make_module
 0002:0002DB38  d90_1
 0002:0002DDF4  d91_1
 0002:0002E598  d92_1
 0002:0002EBF0  d93_1
 0002:0002F00C  d94_1
 0002:0002F4F4  d95_1
 0002:0002F530  d96_1
 0002:0002FA80  d97_1
 0002:0002FF30  d98_1
 0002:000305BC  d99_1
 0002:00031378  d100_1
 0002:00031538  d101_1
 0002:00031830  _adj_str_td
 0002:000318C8  _adj_dex_th
 0002:00031A90  _adj_str_hold
 0002:00031BC0  _adj_str_blow
 0002:00031CF0  _adj_dex_safe
 0002:00031D88  _adj_con_fix
 0002:00032E40  d102_1
 0002:000330B8  d103_1
 0002:000330D4  d104_1
 0002:000330D4  _quests_parser
 0002:000333FC  d105_1
 0002:00033494  _adj_mag_stat
 0002:00033B28  d106_1
 0002:00033B28  _timed_effects
 0002:00034D34  _player_timed_parser
 0002:000361AC  d107_1
 0002:000363B0  d108_1
 0002:00036BD4  d109_1
 0002:00037204  d110_1
 0002:00037748  d111_1
 0002:000379F8  d112_1
 0002:00038478  d113_1
 0002:000388E0  d114_1
 0002:00039208  d115_1
 0002:00039238  d116_1
 0002:00039DE0  d117_1
 0002:00039F34  d118_1
 0002:0003A0EC  d119_1
 0002:0003A214  d120_1
 0002:0003A228  _store_module
 0002:0003ACE4  d121_1
 0002:0003ADEC  d122_1
 0002:0003AFA8  d123_1
 0002:0003B22C  d124_1
 0002:0003B618  d125_1
 0002:0003B618  _towns
 0002:0003B61C  _dungeons
 0002:0003B620  _num_arenas
 0002:0003B930  _wild_feat_parser
 0002:0003B944  _wild_info_parser
 0002:0003B958  _town_feat_parser
 0002:0003B998  _town_info_parser
 0002:0003B9AC  _dungeon_info_parser
 0002:0003C884  d126_1
 0002:0003C88C  _z_quark_module
 0002:0003C8A0  d127_1
 0002:0003C918  d128_1
 0003:00000000  b2_2
 0003:00000020  b4_2
 0003:000007F0  _clear_hook
 0003:000007F4  _region_erase_hook
 0003:000007F8  _put_ch_hook
 0003:000007FC  _put_str_hook
 0003:00000800  _use_bigtile_hook
 0003:00000804  b7_2
 0003:00000824  _sl_dgram_lastaddr
 0003:00000834  b9_2
 0003:00000834  _option_page
 0003:00000900  b12_2
 0003:0000A878  _num_names
 0003:0000A87C  _name_sections
 0003:0000A880  b13_2
 0003:0000A884  b15_2
 0003:0000A8AC  _k_info
 0003:0000A8B0  _e_info
 0003:0000A8B4  _races
 0003:0000A8B8  _breeds
 0003:0000A8BC  _classes
 0003:0000A8C0  _realms
 0003:0000A8C4  _bodies
 0003:0000A8C8  _r_info
 0003:0000A8CC  _rb_info
 0003:0000A8D0  _curses
 0003:0000A8D4  _trap_info
 0003:0000A8D8  b17_2
 0003:0000A8D8  _gamma_table
 0003:0000A9D8  b22_2
 0003:0000A9DC  _z0
 0003:0000A9E0  _z1
 0003:0000A9E4  _z2
 0003:0000A9E8  _Rand_value
 0003:0000A9EC  b25_1
 0003:0000A9EC  _ANGBAND_SYS
 0003:0000A9F0  _ANGBAND_DIR_GAMEDATA
 0003:0000A9F4  _ANGBAND_DIR_CUSTOMIZE
 0003:0000A9F8  _ANGBAND_DIR_HELP
 0003:0000A9FC  _ANGBAND_DIR_SCREENS
 0003:0000AA00  _ANGBAND_DIR_FONTS
 0003:0000AA04  _ANGBAND_DIR_TILES
 0003:0000AA08  _ANGBAND_DIR_SOUNDS
 0003:0000AA0C  _ANGBAND_DIR_ICONS
 0003:0000AA10  _ANGBAND_DIR_USER
 0003:0000AA14  _ANGBAND_DIR_SAVE
 0003:0000AA18  _ANGBAND_DIR_SCORES
 0003:0000AA1C  _Setup
 0003:0000CFE0  _Client_setup
 0003:0000D59C  _channels
 0003:0000ED84  _z_info
 0003:0000ED88  _soc_info
 0003:0000ED8C  b26_2
 0003:0000F18C  _FEAT_NONE
 0003:0000F18C  b29_2
 0003:0000F190  _FEAT_FLOOR
 0003:0000F194  _FEAT_CLOSED
 0003:0000F198  _FEAT_OPEN
 0003:0000F19C  _FEAT_BROKEN
 0003:0000F1A0  _FEAT_LESS
 0003:0000F1A4  _FEAT_MORE
 0003:0000F1A8  _FEAT_SECRET
 0003:0000F1AC  _FEAT_RUBBLE
 0003:0000F1B0  _FEAT_PASS_RUBBLE
 0003:0000F1B4  _FEAT_MAGMA
 0003:0000F1B8  _FEAT_QUARTZ
 0003:0000F1BC  _FEAT_MAGMA_K
 0003:0000F1C0  _FEAT_QUARTZ_K
 0003:0000F1C4  _FEAT_GRANITE
 0003:0000F1C8  _FEAT_PERM
 0003:0000F1CC  _FEAT_LAVA
 0003:0000F1D0  _FEAT_PERM_STATIC
 0003:0000F1D4  _FEAT_PERM_HOUSE
 0003:0000F1D8  _FEAT_PERM_FAKE
 0003:0000F1DC  _FEAT_PERM_ARENA
 0003:0000F1E0  _FEAT_WATER
 0003:0000F1E4  _FEAT_MUD
 0003:0000F1E8  _FEAT_DRAWBRIDGE
 0003:0000F1EC  _FEAT_FOUNTAIN
 0003:0000F1F0  _FEAT_FNT_DRIED
 0003:0000F1F4  _FEAT_LOOSE_DIRT
 0003:0000F1F8  _FEAT_DIRT
 0003:0000F1FC  _FEAT_FLOOR_SAFE
 0003:0000F200  _FEAT_LAVA_STREAM
 0003:0000F204  _FEAT_STREET
 0003:0000F208  _FEAT_FLOOR_PIT
 0003:0000F20C  _FEAT_GRASS
 0003:0000F210  _FEAT_CROP
 0003:0000F214  _FEAT_TREE
 0003:0000F218  _FEAT_EVIL_TREE
 0003:0000F21C  _FEAT_MOUNTAIN
 0003:0000F220  _FEAT_LOGS
 0003:0000F224  _FEAT_SAND
 0003:0000F228  _FEAT_SANDWALL
 0003:0000F22C  _FEAT_ICE
 0003:0000F230  _FEAT_ICEWALL
 0003:0000F234  _FEAT_SWAMP
 0003:0000F238  _FEAT_TOWN
 0003:0000F23C  _FEAT_DEEP_WATER
 0003:0000F240  _FEAT_HILL
 0003:0000F244  _FEAT_SHORE
 0003:0000F248  _FEAT_PERM_CLEAR
 0003:0000F24C  _FEAT_HOME_OPEN
 0003:0000F250  _FEAT_HOME_CLOSED
 0003:0000F254  _f_info
 0003:0000F258  _presets
 0003:0000F25C  _presets_count
 0003:0000F260  b33_2
 0003:0000F260  _chan_audit
 0003:0000F264  _chan_debug
 0003:0000F268  _chan_cheat
 0003:0000F26C  b40_2
 0003:0000F2C8  b42_2
 0003:0000F2C8  _server_generated
 0003:0000F2C9  _server_state_loaded
 0003:0000F2CC  _seed_flavor
 0003:0000F2D0  _turn
 0003:0000F2DC  b43_2
 0003:0000F2DC  _pit_info
 0003:0000F2E0  _vaults
 0003:0000F2E8  _dun
 0003:0000F2EC  _room_templates
 0003:0000F2F0  b46_2
 0003:0000F304  b52_2
 0003:0000F308  b53_2
 0003:0000F314  b54_2
 0003:0000F318  b55_2
 0003:0000F31C  b59_2
 0003:0000F734  b63_2
 0003:0000F734  _blow_methods
 0003:0000F738  _blow_effects
 0003:0000F73C  _pain_messages
 0003:0000F740  _monster_spells
 0003:0000F744  b68_2
 0003:0000F74C  __DestructorCountPtr
 0003:0000F74C  b473_2
 0003:0000F754  b495_2
 0003:0000F754  ___dll_argc
 0003:0000F758  ___dll_argv
 0003:0000F75C  _kin_base
 0003:0000F75C  b74_2
 0003:0000F760  _summons
 0003:0000F764  b77_2
 0003:00012D44  b84_2
 0003:00012D44  _curse_object_kind
 0003:00012D48  _unknown_item_kind
 0003:00012D4C  _unknown_gold_kind
 0003:00012D50  _pile_kind
 0003:00012D54  b86_2
 0003:00012D5C  b89_2
 0003:00012D78  _calculations
 0003:00012D78  b91_2
 0003:00012D7C  b92_2
 0003:00012D7C  _activations
 0003:000131D4  b93_2
 0003:000131D4  _obj_properties
 0003:000131D8  b94_2
 0003:000131D8  _slays
 0003:000131DC  _brands
 0003:000131E0  _kb_info
 0003:000131E0  b96_2
 0003:000131E4  _a_info
 0003:000131E8  _flavors
 0003:00013570  _parties
 0003:00013570  b97_2
 0003:0001B570  _NumPlayers
 0003:0001B570  b98_2
 0003:0001B578  _player_id
 0003:0001B578  b100_2
 0003:0001B57C  b104_2
 0003:0001B57C  _quests
 0003:0001B580  _monster_x_attr
 0003:0001B580  b109_2
 0003:0001B584  _monster_x_char
 0003:0001B588  _kind_x_attr
 0003:0001B58C  _kind_x_char
 0003:0001B590  _feat_x_attr
 0003:0001B594  _feat_x_char
 0003:0001B598  _trap_x_attr
 0003:0001B59C  _trap_x_char
 0003:0001B5A0  _flavor_x_attr
 0003:0001B5A4  _flavor_x_char
 0003:0001B5A8  _projections
 0003:0001B5A8  b110_2
 0003:0001B5AC  _proj_to_attr
 0003:0001B86A  _proj_to_char
 0003:0001BB28  b116_2
 0003:0001BCA0  b117_2
 0003:0001BDC4  b120_2
 0003:0001BDC4  _store_max
 0003:0001BDC8  _stores
 0003:0001BDCC  _hints
 0003:0001BDD0  _store_orders
 0003:0001C050  _wf_info
 0003:0001C050  b125_2
 0003:0001C054  _wild_info
 0003:0001C058  _tf_info
 0003:0001C05C  _radius_wild
 0003:0001C060  _seed_wild
 0003:0001C064  _arenas
 0003:0001C1D0  b126_2
 0004:00000000  t473_3
 0004:00000000  ___xxInfo
